Component: ARM Compiler 5.06 update 6 (build 750) Tool: armlink [4d35ed]

==============================================================================

Section Cross References

    adc.o(i.HAL_ADC_MspDeInit) refers to stm32f4xx_hal_gpio.o(i.HAL_GPIO_DeInit) for HAL_GPIO_DeInit
    adc.o(i.HAL_ADC_MspInit) refers to stm32f4xx_hal_gpio.o(i.HAL_GPIO_Init) for HAL_GPIO_Init
    adc.o(i.HAL_ADC_MspInit) refers to stm32f4xx_hal_cortex.o(i.HAL_NVIC_SetPriority) for HAL_NVIC_SetPriority
    adc.o(i.HAL_ADC_MspInit) refers to stm32f4xx_hal_cortex.o(i.HAL_NVIC_EnableIRQ) for HAL_NVIC_EnableIRQ
    adc.o(i.MX_ADC1_Init) refers to stm32f4xx_hal_adc.o(i.HAL_ADC_Init) for HAL_ADC_Init
    adc.o(i.MX_ADC1_Init) refers to main.o(i._Error_Handler) for _Error_Handler
    adc.o(i.MX_ADC1_Init) refers to stm32f4xx_hal_adc.o(i.HAL_ADC_ConfigChannel) for HAL_ADC_ConfigChannel
    adc.o(i.MX_ADC1_Init) refers to stm32f4xx_hal_adc_ex.o(i.HAL_ADCEx_InjectedConfigChannel) for HAL_ADCEx_InjectedConfigChannel
    adc.o(i.MX_ADC1_Init) refers to adc.o(.bss) for .bss
    adc.o(i.MX_ADC2_Init) refers to stm32f4xx_hal_adc.o(i.HAL_ADC_Init) for HAL_ADC_Init
    adc.o(i.MX_ADC2_Init) refers to main.o(i._Error_Handler) for _Error_Handler
    adc.o(i.MX_ADC2_Init) refers to stm32f4xx_hal_adc.o(i.HAL_ADC_ConfigChannel) for HAL_ADC_ConfigChannel
    adc.o(i.MX_ADC2_Init) refers to stm32f4xx_hal_adc_ex.o(i.HAL_ADCEx_InjectedConfigChannel) for HAL_ADCEx_InjectedConfigChannel
    adc.o(i.MX_ADC2_Init) refers to adc.o(.bss) for .bss
    adc.o(i.MX_ADC3_Init) refers to stm32f4xx_hal_adc.o(i.HAL_ADC_Init) for HAL_ADC_Init
    adc.o(i.MX_ADC3_Init) refers to main.o(i._Error_Handler) for _Error_Handler
    adc.o(i.MX_ADC3_Init) refers to stm32f4xx_hal_adc.o(i.HAL_ADC_ConfigChannel) for HAL_ADC_ConfigChannel
    adc.o(i.MX_ADC3_Init) refers to stm32f4xx_hal_adc_ex.o(i.HAL_ADCEx_InjectedConfigChannel) for HAL_ADCEx_InjectedConfigChannel
    adc.o(i.MX_ADC3_Init) refers to adc.o(.bss) for .bss
    adc.o(i.read_ADC_volts) refers to stm32f4xx_hal_adc_ex.o(i.HAL_ADCEx_InjectedGetValue) for HAL_ADCEx_InjectedGetValue
    adc.o(i.read_ADC_volts) refers to stm32f4xx_hal_adc.o(i.HAL_ADC_GetValue) for HAL_ADC_GetValue
    can.o(i.HAL_CAN_MspDeInit) refers to stm32f4xx_hal_gpio.o(i.HAL_GPIO_DeInit) for HAL_GPIO_DeInit
    can.o(i.HAL_CAN_MspInit) refers to stm32f4xx_hal_gpio.o(i.HAL_GPIO_Init) for HAL_GPIO_Init
    can.o(i.MX_CAN1_Init) refers to stm32f4xx_hal_can.o(i.HAL_CAN_Init) for HAL_CAN_Init
    can.o(i.MX_CAN1_Init) refers to main.o(i._Error_Handler) for _Error_Handler
    can.o(i.MX_CAN1_Init) refers to can.o(.bss) for .bss
    dma.o(i.MX_DMA_Init) refers to stm32f4xx_hal_cortex.o(i.HAL_NVIC_SetPriority) for HAL_NVIC_SetPriority
    dma.o(i.MX_DMA_Init) refers to stm32f4xx_hal_cortex.o(i.HAL_NVIC_EnableIRQ) for HAL_NVIC_EnableIRQ
    freertos.o(i.MX_FREERTOS_Init) refers to cmsis_os.o(i.osSemaphoreCreate) for osSemaphoreCreate
    freertos.o(i.MX_FREERTOS_Init) refers to cmsis_os.o(i.osSemaphoreWait) for osSemaphoreWait
    freertos.o(i.MX_FREERTOS_Init) refers to cmsis_os.o(i.osThreadCreate) for osThreadCreate
    freertos.o(i.MX_FREERTOS_Init) refers to freertos.o(.data) for .data
    freertos.o(i.MX_FREERTOS_Init) refers to freertos.o(.constdata) for .constdata
    freertos.o(i.StartDefaultTask) refers to usb_device.o(i.MX_USB_DEVICE_Init) for MX_USB_DEVICE_Init
    freertos.o(i.StartDefaultTask) refers to commands.o(i.init_communication) for init_communication
    freertos.o(i.StartDefaultTask) refers to low_level.o(i.init_motor_control) for init_motor_control
    freertos.o(i.StartDefaultTask) refers to cmsis_os.o(i.osThreadCreate) for osThreadCreate
    freertos.o(i.StartDefaultTask) refers to tasks.o(i.vTaskDelete) for vTaskDelete
    freertos.o(i.StartDefaultTask) refers to freertos.o(.constdata) for .constdata
    freertos.o(i.StartDefaultTask) refers to low_level.o(.data) for motors
    freertos.o(i.StartDefaultTask) refers to freertos.o(.data) for .data
    freertos.o(.constdata) refers to freertos.o(.conststring) for .conststring
    freertos.o(.constdata) refers to freertos.o(i.StartDefaultTask) for StartDefaultTask
    freertos.o(.constdata) refers to low_level.o(i.motor_thread) for motor_thread
    freertos.o(.constdata) refers to commands.o(i.cmd_parse_thread) for cmd_parse_thread
    freertos.o(.constdata) refers to commands.o(i.usb_update_thread) for usb_update_thread
    freertos.o(.constdata) refers to commands.o(i.packet_timer_thread) for packet_timer_thread
    gpio.o(i.HAL_GPIO_EXTI_Callback) refers to low_level.o(i.step_cb) for step_cb
    gpio.o(i.HAL_GPIO_EXTI_Callback) refers to low_level.o(i.enc_index_cb) for enc_index_cb
    gpio.o(i.MX_GPIO_Init) refers to stm32f4xx_hal_gpio.o(i.HAL_GPIO_WritePin) for HAL_GPIO_WritePin
    gpio.o(i.MX_GPIO_Init) refers to stm32f4xx_hal_gpio.o(i.HAL_GPIO_Init) for HAL_GPIO_Init
    gpio.o(i.MX_GPIO_Init) refers to stm32f4xx_hal_cortex.o(i.HAL_NVIC_SetPriority) for HAL_NVIC_SetPriority
[...]
    MX_ADC3_Init                             0x08010e95   Thumb Code   138  adc.o(i.MX_ADC3_Init)
    MX_CAN1_Init                             0x08010f39   Thumb Code    56  can.o(i.MX_CAN1_Init)
    MX_DMA_Init                              0x08010f89   Thumb Code    56  dma.o(i.MX_DMA_Init)
    MX_FREERTOS_Init                         0x08010fc5   Thumb Code    94  freertos.o(i.MX_FREERTOS_Init)
    MX_GPIO_Init                             0x0801102d   Thumb Code   262  gpio.o(i.MX_GPIO_Init)
    MX_SPI3_Init                             0x0801114d   Thumb Code    70  spi.o(i.MX_SPI3_Init)
    MX_TIM1_Init                             0x080111ad   Thumb Code   274  tim.o(i.MX_TIM1_Init)
    MX_TIM2_Init                             0x080112d9   Thumb Code   134  tim.o(i.MX_TIM2_Init)
    MX_TIM3_Init                             0x08011375   Thumb Code    98  tim.o(i.MX_TIM3_Init)
    MX_TIM4_Init                             0x080113f1   Thumb Code   102  tim.o(i.MX_TIM4_Init)
    MX_TIM8_Init                             0x08011471   Thumb Code   208  tim.o(i.MX_TIM8_Init)
    MX_UART4_Init                            0x08011559   Thumb Code    52  usart.o(i.MX_UART4_Init)
    MX_USB_DEVICE_Init                       0x080115a5   Thumb Code    38  usb_device.o(i.MX_USB_DEVICE_Init)
    MemManage_Handler                        0x080115dd   Thumb Code     2  stm32f4xx_it.o(i.MemManage_Handler)
    NMI_Handler                              0x080115df   Thumb Code     2  stm32f4xx_it.o(i.NMI_Handler)
    OC4_PWM_Override                         0x080115e1   Thumb Code    36  tim.o(i.OC4_PWM_Override)
    OTG_FS_IRQHandler                        0x08011605   Thumb Code    20  stm32f4xx_it.o(i.OTG_FS_IRQHandler)
    SVM                                      0x080116e1   Thumb Code   460  utils.o(i.SVM)
    SetGPIO12toUART                          0x080118bd   Thumb Code    62  gpio.o(i.SetGPIO12toUART)
    SetupENCIndexGPIO                        0x08011901   Thumb Code    78  gpio.o(i.SetupENCIndexGPIO)
    StartDefaultTask                         0x0801195d   Thumb Code   144  freertos.o(i.StartDefaultTask)
    SysTick_Handler                          0x080119fd   Thumb Code     4  stm32f4xx_it.o(i.SysTick_Handler)
    SystemClock_Config                       0x08011a01   Thumb Code   150  main.o(i.SystemClock_Config)
    SystemInit                               0x08011aa1   Thumb Code    64  system_stm32f4xx.o(i.SystemInit)
    TIM8_TRG_COM_TIM14_IRQHandler            0x08011af9   Thumb Code    18  stm32f4xx_it.o(i.TIM8_TRG_COM_TIM14_IRQHandler)
    TIM_Base_SetConfig                       0x08011b15   Thumb Code   180  stm32f4xx_hal_tim.o(i.TIM_Base_SetConfig)
    TIM_CCxChannelCmd                        0x08011bdd   Thumb Code    26  stm32f4xx_hal_tim.o(i.TIM_CCxChannelCmd)
    TIM_OC2_SetConfig                        0x08011c71   Thumb Code   104  stm32f4xx_hal_tim.o(i.TIM_OC2_SetConfig)
    UART4_IRQHandler                         0x08011cd9   Thumb Code     6  stm32f4xx_it.o(i.UART4_IRQHandler)
    USBD_CDC_GetDeviceQualifierDescriptor    0x08012255   Thumb Code     8  usbd_cdc.o(i.USBD_CDC_GetDeviceQualifierDescriptor)
    USBD_CDC_ReceivePacket                   0x0801231f   Thumb Code    48  usbd_cdc.o(i.USBD_CDC_ReceivePacket)
    USBD_CDC_RegisterInterface               0x0801234f   Thumb Code    16  usbd_cdc.o(i.USBD_CDC_RegisterInterface)
    USBD_CDC_SetRxBuffer                     0x0801235f   Thumb Code    12  usbd_cdc.o(i.USBD_CDC_SetRxBuffer)
    USBD_CDC_SetTxBuffer                     0x0801236b   Thumb Code    16  usbd_cdc.o(i.USBD_CDC_SetTxBuffer)
    USBD_CDC_TransmitPacket                  0x080123f5   Thumb Code    52  usbd_cdc.o(i.USBD_CDC_TransmitPacket)
    USBD_ClrClassConfig                      0x08012429   Thumb Code    14  usbd_core.o(i.USBD_ClrClassConfig)
    USBD_CtlContinueRx                       0x08012437   Thumb Code    16  usbd_ioreq.o(i.USBD_CtlContinueRx)
    USBD_CtlContinueSendData                 0x08012447   Thumb Code    16  usbd_ioreq.o(i.USBD_CtlContinueSendData)
    USBD_CtlPrepareRx                        0x08012457   Thumb Code    30  usbd_ioreq.o(i.USBD_CtlPrepareRx)
    USBD_CtlReceiveStatus                    0x08012475   Thumb Code    22  usbd_ioreq.o(i.USBD_CtlReceiveStatus)
    USBD_CtlSendData                         0x0801248b   Thumb Code    26  usbd_ioreq.o(i.USBD_CtlSendData)
    USBD_CtlSendStatus                       0x080124a5   Thumb Code    22  usbd_ioreq.o(i.USBD_CtlSendStatus)
    USBD_FS_ConfigStrDescriptor              0x080124bd   Thumb Code    16  usbd_desc.o(i.USBD_FS_ConfigStrDescriptor)
    USBD_FS_DeviceDescriptor                 0x080124dd   Thumb Code     8  usbd_desc.o(i.USBD_FS_DeviceDescriptor)
    USBD_FS_InterfaceStrDescriptor           0x080124e9   Thumb Code    16  usbd_desc.o(i.USBD_FS_InterfaceStrDescriptor)
    USBD_FS_LangIDStrDescriptor              0x0801250d   Thumb Code     8  usbd_desc.o(i.USBD_FS_LangIDStrDescriptor)
    USBD_FS_ManufacturerStrDescriptor        0x08012519   Thumb Code    16  usbd_desc.o(i.USBD_FS_ManufacturerStrDescriptor)
    USBD_FS_ProductStrDescriptor             0x08012535   Thumb Code    16  usbd_desc.o(i.USBD_FS_ProductStrDescriptor)
    USBD_FS_SerialStrDescriptor              0x08012555   Thumb Code    16  usbd_desc.o(i.USBD_FS_SerialStrDescriptor)
    USBD_GetString                           0x08012579   Thumb Code   100  usbd_ctlreq.o(i.USBD_GetString)
    USBD_Init                                0x080125dd   Thumb Code    48  usbd_core.o(i.USBD_Init)
    USBD_LL_ClearStallEP                     0x0801260d   Thumb Code    32  usbd_conf.o(i.USBD_LL_ClearStallEP)
    USBD_LL_CloseEP                          0x0801262d   Thumb Code    32  usbd_conf.o(i.USBD_LL_CloseEP)
    USBD_LL_DataInStage                      0x0801264d   Thumb Code   176  usbd_core.o(i.USBD_LL_DataInStage)
    USBD_LL_DataOutStage                     0x080126fd   Thumb Code   106  usbd_core.o(i.USBD_LL_DataOutStage)
    USBD_LL_DevConnected                     0x08012767   Thumb Code     4  usbd_core.o(i.USBD_LL_DevConnected)
    USBD_LL_DevDisconnected                  0x0801276b   Thumb Code    22  usbd_core.o(i.USBD_LL_DevDisconnected)
    USBD_LL_GetRxDataSize                    0x08012781   Thumb Code     8  usbd_conf.o(i.USBD_LL_GetRxDataSize)
    USBD_LL_Init                             0x08012789   Thumb Code   100  usbd_conf.o(i.USBD_LL_Init)
    USBD_LL_IsStallEP                        0x08012805   Thumb Code    32  usbd_conf.o(i.USBD_LL_IsStallEP)
    USBD_LL_IsoINIncomplete                  0x08012825   Thumb Code     4  usbd_core.o(i.USBD_LL_IsoINIncomplete)
    USBD_LL_IsoOUTIncomplete                 0x08012829   Thumb Code     4  usbd_core.o(i.USBD_LL_IsoOUTIncomplete)
    USBD_LL_OpenEP                           0x0801282d   Thumb Code    38  usbd_conf.o(i.USBD_LL_OpenEP)
    USBD_LL_PrepareReceive                   0x08012853   Thumb Code    32  usbd_conf.o(i.USBD_LL_PrepareReceive)
    USBD_LL_Reset                            0x08012873   Thumb Code    62  usbd_core.o(i.USBD_LL_Reset)
    USBD_LL_Resume                           0x080128b1   Thumb Code    12  usbd_core.o(i.USBD_LL_Resume)
    USBD_LL_SOF                              0x080128bd   Thumb Code    26  usbd_core.o(i.USBD_LL_SOF)
    USBD_LL_SetSpeed                         0x080128d7   Thumb Code     6  usbd_core.o(i.USBD_LL_SetSpeed)
    USBD_LL_SetUSBAddress                    0x080128dd   Thumb Code    32  usbd_conf.o(i.USBD_LL_SetUSBAddress)
    USBD_LL_SetupStage                       0x080128fd   Thumb Code    94  usbd_core.o(i.USBD_LL_SetupStage)
    USBD_LL_StallEP                          0x0801295b   Thumb Code    32  usbd_conf.o(i.USBD_LL_StallEP)
    USBD_LL_Start                            0x0801297b   Thumb Code    32  usbd_conf.o(i.USBD_LL_Start)
    USBD_LL_Suspend                          0x0801299b   Thumb Code    18  usbd_core.o(i.USBD_LL_Suspend)
    USBD_LL_Transmit                         0x080129ad   Thumb Code    32  usbd_conf.o(i.USBD_LL_Transmit)
    USBD_ParseSetupRequest                   0x080129cd   Thumb Code    40  usbd_ctlreq.o(i.USBD_ParseSetupRequest)
    USBD_RegisterClass                       0x080129f5   Thumb Code    16  usbd_core.o(i.USBD_RegisterClass)
    USBD_SetClassConfig                      0x08012a05   Thumb Code    24  usbd_core.o(i.USBD_SetClassConfig)
    USBD_Start                               0x08012a1d   Thumb Code    10  usbd_core.o(i.USBD_Start)
    USBD_StdDevReq                           0x08012a29   Thumb Code   652  usbd_ctlreq.o(i.USBD_StdDevReq)
    USBD_StdEPReq                            0x08012cb9   Thumb Code   266  usbd_ctlreq.o(i.USBD_StdEPReq)
    USBD_StdItfReq                           0x08012dc3   Thumb Code    64  usbd_ctlreq.o(i.USBD_StdItfReq)
    USB_ActivateEndpoint                     0x08012e05   Thumb Code   140  stm32f4xx_ll_usb.o(i.USB_ActivateEndpoint)
    USB_ActivateSetup                        0x08012e95   Thumb Code    52  stm32f4xx_ll_usb.o(i.USB_ActivateSetup)
    USB_CoreInit                             0x08012ec9   Thumb Code   206  stm32f4xx_ll_usb.o(i.USB_CoreInit)
    USB_DeactivateEndpoint                   0x08012f9d   Thumb Code   200  stm32f4xx_ll_usb.o(i.USB_DeactivateEndpoint)
    USB_DevConnect                           0x08013069   Thumb Code    24  stm32f4xx_ll_usb.o(i.USB_DevConnect)
    USB_DevDisconnect                        0x08013081   Thumb Code    24  stm32f4xx_ll_usb.o(i.USB_DevDisconnect)
    USB_DevInit                              0x08013099   Thumb Code   330  stm32f4xx_ll_usb.o(i.USB_DevInit)
    USB_DisableGlobalInt                     0x080131f1   Thumb Code    12  stm32f4xx_ll_usb.o(i.USB_DisableGlobalInt)
    USB_EP0StartXfer                         0x080131fd   Thumb Code   338  stm32f4xx_ll_usb.o(i.USB_EP0StartXfer)
    USB_EP0_OutStart                         0x0801334f   Thumb Code    62  stm32f4xx_ll_usb.o(i.USB_EP0_OutStart)
    USB_EPClearStall                         0x0801338d   Thumb Code   102  stm32f4xx_ll_usb.o(i.USB_EPClearStall)
    USB_EPSetStall                           0x080133f3   Thumb Code   100  stm32f4xx_ll_usb.o(i.USB_EPSetStall)
    USB_EPStartXfer                          0x08013457   Thumb Code   606  stm32f4xx_ll_usb.o(i.USB_EPStartXfer)
    USB_EnableGlobalInt                      0x080136b5   Thumb Code    12  stm32f4xx_ll_usb.o(i.USB_EnableGlobalInt)
    USB_FlushTxFifo                          0x080136c1   Thumb Code    34  stm32f4xx_ll_usb.o(i.USB_FlushTxFifo)
    USB_GetDevSpeed                          0x080136e9   Thumb Code    58  stm32f4xx_ll_usb.o(i.USB_GetDevSpeed)
    USB_GetMode                              0x08013723   Thumb Code     8  stm32f4xx_ll_usb.o(i.USB_GetMode)
    USB_ReadDevAllInEpInterrupt              0x0801372b   Thumb Code    14  stm32f4xx_ll_usb.o(i.USB_ReadDevAllInEpInterrupt)
    USB_ReadDevAllOutEpInterrupt             0x08013739   Thumb Code    14  stm32f4xx_ll_usb.o(i.USB_ReadDevAllOutEpInterrupt)
    USB_ReadDevInEPInterrupt                 0x08013747   Thumb Code    30  stm32f4xx_ll_usb.o(i.USB_ReadDevInEPInterrupt)
    USB_ReadDevOutEPInterrupt                0x08013765   Thumb Code    16  stm32f4xx_ll_usb.o(i.USB_ReadDevOutEPInterrupt)
    USB_ReadInterrupts                       0x08013775   Thumb Code     8  stm32f4xx_ll_usb.o(i.USB_ReadInterrupts)
    USB_ReadPacket                           0x0801377d   Thumb Code    34  stm32f4xx_ll_usb.o(i.USB_ReadPacket)
    USB_SetCurrentMode                       0x0801379f   Thumb Code    46  stm32f4xx_ll_usb.o(i.USB_SetCurrentMode)
    USB_SetDevAddress                        0x080137cd   Thumb Code    34  stm32f4xx_ll_usb.o(i.USB_SetDevAddress)
    USB_WritePacket                          0x080137ef   Thumb Code    46  stm32f4xx_ll_usb.o(i.USB_WritePacket)
    UsageFault_Handler                       0x0801381d   Thumb Code     2  stm32f4xx_it.o(i.UsageFault_Handler)
    _Error_Handler                           0x0801381f   Thumb Code     2  main.o(i._Error_Handler)
    __0vsnprintf                             0x08013821   Thumb Code    40  printfa.o(i.__0vsnprintf)
    __1vsnprintf                             0x08013821   Thumb Code     0  printfa.o(i.__0vsnprintf)
    __2vsnprintf                             0x08013821   Thumb Code     0  printfa.o(i.__0vsnprintf)
    __c89vsnprintf                           0x08013821   Thumb Code     0  printfa.o(i.__0vsnprintf)
    vsnprintf                                0x08013821   Thumb Code     0  printfa.o(i.__0vsnprintf)
    __ARM_common_memcpy4_5                   0x0801384d   Thumb Code    10  commands_pro.o(i.__ARM_common_memcpy4_5)
    __hardfp_floorf                          0x08013859   Thumb Code    98  floorf.o(i.__hardfp_floorf)
    _is_digit                                0x08013a4d   Thumb Code    14  scanf_fp.o(i._is_digit)
    arm_cos_f32                              0x080141a1   Thumb Code   108  arm_cos_f32.o(i.arm_cos_f32)
    arm_sin_f32                              0x08014219   Thumb Code   104  arm_sin_f32.o(i.arm_sin_f32)
    buffer_append_float16                    0x0801428d   Thumb Code    44  buffer.o(i.buffer_append_float16)
    buffer_append_float32                    0x080142b9   Thumb Code    72  buffer.o(i.buffer_append_float32)
    buffer_append_int32                      0x08014301   Thumb Code    60  buffer.o(i.buffer_append_int32)
    buffer_get_int32                         0x0801433d   Thumb Code    24  buffer.o(i.buffer_get_int32)
    calib_enc_offset                         0x08014355   Thumb Code   582  low_level.o(i.calib_enc_offset)
    check_timing                             0x080145c9   Thumb Code    42  low_level.o(i.check_timing)
    cmd_parse_thread                         0x080145f5   Thumb Code   238  commands.o(i.cmd_parse_thread)
    cmd_printf                               0x08014709   Thumb Code    54  commands.o(i.cmd_printf)
    commands_printf                          0x08014745   Thumb Code    60  commands_pro.o(i.commands_printf)
    commands_process_packet                  0x08014785   Thumb Code  1372  commands_pro.o(i.commands_process_packet)
    commands_process_string                  0x08014ce1   Thumb Code  1522  commands.o(i.commands_process_string)
    commands_send_packet                     0x080152fd   Thumb Code    12  commands_pro.o(i.commands_send_packet)
    commands_set_send_func                   0x0801530d   Thumb Code     6  commands_pro.o(i.commands_set_send_func)
    commands_write                           0x08015319   Thumb Code    98  commands.o(i.commands_write)
    control_motor_loop                       0x08015391   Thumb Code   742  low_level.o(i.control_motor_loop)
    crc16                                    0x08015689   Thumb Code    48  crc.o(i.crc16)
    do_checks                                0x080156bd   Thumb Code    82  low_level.o(i.do_checks)
    enc_index_cb                             0x08015719   Thumb Code    80  low_level.o(i.enc_index_cb)
    fast_atan2                               0x08015771   Thumb Code   132  utils.o(i.fast_atan2)
    free                                     0x08015809   Thumb Code    76  malloc.o(i.free)
    global_fault                             0x08015859   Thumb Code    74  low_level.o(i.global_fault)
    init_communication                       0x080158ad   Thumb Code    20  commands.o(i.init_communication)
    init_motor_control                       0x080158c9   Thumb Code    70  low_level.o(i.init_motor_control)
    main                                     0x0801591d   Thumb Code    82  main.o(i.main)
    malloc                                   0x08015979   Thumb Code    92  malloc.o(i.malloc)
    measure_phase_inductance                 0x080159e5   Thumb Code   322  low_level.o(i.measure_phase_inductance)
    measure_phase_resistance                 0x08015b41   Thumb Code   298  low_level.o(i.measure_phase_resistance)
    mod                                      0x08015c81   Thumb Code    16  utils.o(i.mod)
    motor_calibration                        0x08015c91   Thumb Code   254  low_level.o(i.motor_calibration)
    motor_thread                             0x08015d9d   Thumb Code   232  low_level.o(i.motor_thread)
    osDelay                                  0x08015e91   Thumb Code    16  cmsis_os.o(i.osDelay)
    osKernelStart                            0x08015ea1   Thumb Code    10  cmsis_os.o(i.osKernelStart)
    osSemaphoreCreate                        0x08015eab   Thumb Code    38  cmsis_os.o(i.osSemaphoreCreate)
    osSemaphoreRelease                       0x08015ed1   Thumb Code    76  cmsis_os.o(i.osSemaphoreRelease)
    osSemaphoreWait                          0x08015f21   Thumb Code    96  cmsis_os.o(i.osSemaphoreWait)
    osSignalSet                              0x08015f85   Thumb Code    82  cmsis_os.o(i.osSignalSet)
    osSignalWait                             0x08015fdd   Thumb Code   100  cmsis_os.o(i.osSignalWait)
    osSystickHandler                         0x08016041   Thumb Code    20  cmsis_os.o(i.osSystickHandler)
    osThreadCreate                           0x08016055   Thumb Code    46  cmsis_os.o(i.osThreadCreate)
    osThreadGetId                            0x08016083   Thumb Code     4  cmsis_os.o(i.osThreadGetId)
    packet_init                              0x08016089   Thumb Code    16  packet.o(i.packet_init)
    packet_process_byte                      0x0801609d   Thumb Code   202  packet.o(i.packet_process_byte)
    packet_send_packet                       0x0801616d   Thumb Code   136  packet.o(i.packet_send_packet)
    packet_timer_thread                      0x080161f9   Thumb Code    12  commands.o(i.packet_timer_thread)
    packet_timerfunc                         0x08016205   Thumb Code    48  packet.o(i.packet_timerfunc)
    print_monitoring                         0x08016239   Thumb Code   154  commands.o(i.print_monitoring)
    pvPortMalloc                             0x080164f5   Thumb Code   286  heap_4.o(i.pvPortMalloc)
    pvTaskIncrementMutexHeldCount            0x08016621   Thumb Code    18  tasks.o(i.pvTaskIncrementMutexHeldCount)
    pwm_trig_adc_cb                          0x08016639   Thumb Code   380  low_level.o(i.pwm_trig_adc_cb)
    pxPortInitialiseStack                    0x080167cd   Thumb Code    38  port.o(i.pxPortInitialiseStack)
    queue_modulation_timings                 0x080167f9   Thumb Code    84  low_level.o(i.queue_modulation_timings)
    queue_voltage_timings                    0x08016851   Thumb Code    34  low_level.o(i.queue_voltage_timings)
    scan_for_enc_idx                         0x0801687d   Thumb Code   212  low_level.o(i.scan_for_enc_idx)
    set_brake_current                        0x08016971   Thumb Code   108  low_level.o(i.set_brake_current)
    set_cmd_buffer                           0x080169f5   Thumb Code     8  commands.o(i.set_cmd_buffer)
    set_current_setpoint                     0x08016a01   Thumb Code    46  low_level.o(i.set_current_setpoint)
    set_pos_setpoint                         0x08016a75   Thumb Code    98  low_level.o(i.set_pos_setpoint)
    set_vel_setpoint                         0x08016b51   Thumb Code    72  low_level.o(i.set_vel_setpoint)
    spin_up_sensorless                       0x08016bf1   Thumb Code   258  low_level.o(i.spin_up_sensorless)
    start_adc_pwm                            0x08016d09   Thumb Code   198  low_level.o(i.start_adc_pwm)
    start_pwm                                0x08016ded   Thumb Code    86  low_level.o(i.start_pwm)
    step_cb                                  0x08016e45   Thumb Code   116  low_level.o(i.step_cb)
    sync_timers                              0x08016ec1   Thumb Code   340  low_level.o(i.sync_timers)
    terminal_process_string                  0x08017015   Thumb Code  5550  terminal.o(i.terminal_process_string)
    update_rotor                             0x0801880d   Thumb Code   586  low_level.o(i.update_rotor)
    usb_update_thread                        0x08018a6d   Thumb Code    30  commands.o(i.usb_update_thread)
    uxListRemove                             0x08018a95   Thumb Code    36  list.o(i.uxListRemove)
    vListInitialise                          0x08018ab9   Thumb Code    22  list.o(i.vListInitialise)
    vListInitialiseItem                      0x08018acf   Thumb Code     6  list.o(i.vListInitialiseItem)
    vListInsert                              0x08018ad5   Thumb Code    54  list.o(i.vListInsert)
    vListInsertEnd                           0x08018b0b   Thumb Code    24  list.o(i.vListInsertEnd)
    vPortEnterCritical                       0x08018b25   Thumb Code    56  port.o(i.vPortEnterCritical)
    vPortExitCritical                        0x08018b65   Thumb Code    38  port.o(i.vPortExitCritical)
    vPortFree                                0x08018b91   Thumb Code    90  heap_4.o(i.vPortFree)
    vPortValidateInterruptPriority           0x08018bf1   Thumb Code    74  port.o(i.vPortValidateInterruptPriority)
    vTaskDelay                               0x08018c45   Thumb Code    66  tasks.o(i.vTaskDelay)
    vTaskDelete                              0x08018c91   Thumb Code   194  tasks.o(i.vTaskDelete)
    vTaskMissedYield                         0x08018d65   Thumb Code     8  tasks.o(i.vTaskMissedYield)
    vTaskPlaceOnEventList                    0x08018d71   Thumb Code    46  tasks.o(i.vTaskPlaceOnEventList)
    vTaskPriorityInherit                     0x08018da5   Thumb Code   132  tasks.o(i.vTaskPriorityInherit)
    vTaskSetTimeOutState                     0x08018e31   Thumb Code    30  tasks.o(i.vTaskSetTimeOutState)
    vTaskStartScheduler                      0x08018e55   Thumb Code    92  tasks.o(i.vTaskStartScheduler)
    vTaskSuspendAll                          0x08018ec5   Thumb Code    10  tasks.o(i.vTaskSuspendAll)
    vTaskSwitchContext                       0x08018ed5   Thumb Code    84  tasks.o(i.vTaskSwitchContext)
    vbus_sense_adc_cb                        0x08018f31   Thumb Code    32  low_level.o(i.vbus_sense_adc_cb)
    wrap_pm_pi                               0x08018f59   Thumb Code    52  utils.o(i.wrap_pm_pi)
    xPortStartScheduler                      0x08018f99   Thumb Code   236  port.o(i.xPortStartScheduler)
    xPortSysTickHandler                      0x080190a5   Thumb Code    38  port.o(i.xPortSysTickHandler)
    xQueueGenericCreate                      0x080190d1   Thumb Code    70  queue.o(i.xQueueGenericCreate)
    xQueueGenericReceive                     0x08019119   Thumb Code   426  queue.o(i.xQueueGenericReceive)
    xQueueGenericReset                       0x080192c9   Thumb Code   130  queue.o(i.xQueueGenericReset)
    xQueueGenericSend                        0x08019351   Thumb Code   462  queue.o(i.xQueueGenericSend)
    xQueueGiveFromISR                        0x08019525   Thumb Code   158  queue.o(i.xQueueGiveFromISR)
    xQueueReceiveFromISR                     0x080195c3   Thumb Code   172  queue.o(i.xQueueReceiveFromISR)
    xTaskCheckForTimeOut                     0x08019671   Thumb Code   112  tasks.o(i.xTaskCheckForTimeOut)
    xTaskCreate                              0x080196e5   Thumb Code   342  tasks.o(i.xTaskCreate)
    xTaskGenericNotify                       0x0801985d   Thumb Code   190  tasks.o(i.xTaskGenericNotify)
    xTaskGenericNotifyFromISR                0x08019929   Thumb Code   232  tasks.o(i.xTaskGenericNotifyFromISR)
    xTaskGetCurrentTaskHandle                0x08019a1d   Thumb Code     6  tasks.o(i.xTaskGetCurrentTaskHandle)
    xTaskGetSchedulerState                   0x08019a29   Thumb Code    24  tasks.o(i.xTaskGetSchedulerState)
    xTaskIncrementTick                       0x08019a45   Thumb Code   226  tasks.o(i.xTaskIncrementTick)
    xTaskNotifyWait                          0x08019b31   Thumb Code   136  tasks.o(i.xTaskNotifyWait)
    xTaskPriorityDisinherit                  0x08019bc1   Thumb Code   146  tasks.o(i.xTaskPriorityDisinherit)
    xTaskRemoveFromEventList                 0x08019c5d   Thumb Code   104  tasks.o(i.xTaskRemoveFromEventList)
    xTaskResumeAll                           0x08019cd1   Thumb Code   214  tasks.o(i.xTaskResumeAll)
    AHBPrescTable                            0x08019e30   Data          16  system_stm32f4xx.o(.constdata)
    APBPrescTable                            0x08019e40   Data           8  system_stm32f4xx.o(.constdata)
    num_motors                               0x08019e48   Data           4  low_level.o(.constdata)
    crc16_tab                                0x08019e4c   Data         512  crc.o(.constdata)
    exposed_floats                           0x0801a04c   Data         232  commands.o(.constdata)
    exposed_ints                             0x0801a134   Data          32  commands.o(.constdata)
    exposed_bools                            0x0801a154   Data          32  commands.o(.constdata)
    exposed_uint16                           0x0801a174   Data          16  commands.o(.constdata)
    sinTable_f32                             0x0801a184   Data        2052  arm_common_tables.o(.constdata)
    __ctype_categories                       0x0801a990   Data          64  ctype_c.o(.constdata)
    sem_usb_irq                              0x20000000   Data           4  freertos.o(.data)
    sem_uart_dma                             0x20000004   Data           4  freertos.o(.data)
    sem_usb_rx                               0x20000008   Data           4  freertos.o(.data)
    sem_usb_tx                               0x2000000c   Data           4  freertos.o(.data)
    thread_motor_0                           0x20000010   Data           4  freertos.o(.data)
    thread_motor_1                           0x20000014   Data           4  freertos.o(.data)
    thread_cmd_parse                         0x20000018   Data           4  freertos.o(.data)
    thread_usb_pump                          0x2000001c   Data           4  freertos.o(.data)
    task_packet_timer                        0x20000020   Data           4  freertos.o(.data)
    defaultTaskHandle                        0x20000024   Data           4  freertos.o(.data)
    SystemCoreClock                          0x20000028   Data           4  system_stm32f4xx.o(.data)
    USBD_Interface_fops_FS                   0x2000002c   Data          16  usbd_cdc_if.o(.data)
    FS_Desc                                  0x2000003c   Data          28  usbd_desc.o(.data)
    USBD_LangIDDesc                          0x20000058   Data           4  usbd_desc.o(.data)
    USBD_FS_DeviceDesc                       0x2000005c   Data          18  usbd_desc.o(.data)
    vbus_voltage                             0x20000070   Data           4  low_level.o(.data)
    brake_resistance                         0x20000074   Data           4  low_level.o(.data)
    motors                                   0x2000007c   Data         912  low_level.o(.data)
    serial_printf_select                     0x2000040c   Data           4  commands.o(.data)
    pxCurrentTCB                             0x2000043c   Data           4  tasks.o(.data)
    USBD_CDC_CfgHSDesc                       0x200004b0   Data          67  usbd_cdc.o(.data)
    USBD_CDC_CfgFSDesc                       0x200004f4   Data          67  usbd_cdc.o(.data)
    USBD_CDC_OtherSpeedCfgDesc               0x20000538   Data          67  usbd_cdc.o(.data)
    USBD_CDC                                 0x2000057c   Data          56  usbd_cdc.o(.data)
    uwTick                                   0x200005b4   Data           4  stm32f4xx_hal.o(.data)
    __microlib_freelist                      0x200005bc   Data           4  mvars.o(.data)
    __microlib_freelist_initialised          0x200005c0   Data           4  mvars.o(.data)
    hadc1                                    0x200005c4   Data          72  adc.o(.bss)
    hadc2                                    0x2000060c   Data          72  adc.o(.bss)
    hadc3                                    0x20000654   Data          72  adc.o(.bss)
    hcan1                                    0x2000069c   Data          72  can.o(.bss)
    hspi3                                    0x200006e4   Data          92  spi.o(.bss)
    htim14                                   0x20000740   Data          64  stm32f4xx_hal_timebase_tim.o(.bss)
    htim1                                    0x20000780   Data          64  tim.o(.bss)
    htim2                                    0x200007c0   Data          64  tim.o(.bss)
    htim3                                    0x20000800   Data          64  tim.o(.bss)
    htim4                                    0x20000840   Data          64  tim.o(.bss)
    htim8                                    0x20000880   Data          64  tim.o(.bss)
    huart4                                   0x200008c0   Data          72  usart.o(.bss)
    hdma_uart4_rx                            0x20000908   Data         100  usart.o(.bss)
    hdma_uart4_tx                            0x2000096c   Data         100  usart.o(.bss)
    hUsbDeviceFS                             0x200009d0   Data         548  usb_device.o(.bss)
    UserRxBufferFS                           0x20000bf4   Data          64  usbd_cdc_if.o(.bss)
    UserTxBufferFS                           0x20000c34   Data          64  usbd_cdc_if.o(.bss)
    hpcd_USB_OTG_FS                          0x20000c74   Data        1012  usbd_conf.o(.bss)
    USBD_StrDesc                             0x20001068   Data         512  usbd_desc.o(.bss)
    monitoring_slots                         0x200022a8   Data         160  commands.o(.bss)
    __heap_base                              0x200074b8   Data           0  startup_stm32f4xx.o(HEAP)
    __heap_limit                             0x20007cb8   Data           0  startup_stm32f4xx.o(HEAP)
    __initial_sp                             0x20008cb8   Data           0  startup_stm32f4xx.o(STACK)



==============================================================================

Memory Map of the image

  Image Entry point : 0x08000189

  Load Region LR_IROM1 (Base: 0x08000000, Size: 0x000007c4, Max: 0x00004000, ABSOLUTE, COMPRESSED[0x000003a8])

    Execution Region ER_IROM1 (Exec base: 0x08000000, Load base: 0x08000000, Size: 0x00000200, Max: 0x00004000, ABSOLUTE)

    Exec Addr    Load Addr    Size         Type   Attr      Idx    E Section Name        Object

    0x08000000   0x08000000   0x00000188   Data   RO         2134    RESET               startup_stm32f4xx.o
    0x08000188   0x08000188   0x00000000   Code   RO         7335  * .ARM.Collect$$$$00000000  mc_w.l(entry.o)
    0x08000188   0x08000188   0x00000004   Code   RO         7434    .ARM.Collect$$$$00000001  mc_w.l(entry2.o)
    0x0800018c   0x0800018c   0x00000004   Code   RO         7437    .ARM.Collect$$$$00000004  mc_w.l(entry5.o)
    0x08000190   0x08000190   0x00000000   Code   RO         7439    .ARM.Collect$$$$00000008  mc_w.l(entry7b.o)
    0x08000190   0x08000190   0x00000000   Code   RO         7441    .ARM.Collect$$$$0000000A  mc_w.l(entry8b.o)
    0x08000190   0x08000190   0x00000008   Code   RO         7442    .ARM.Collect$$$$0000000B  mc_w.l(entry9a.o)
    0x08000198   0x08000198   0x00000000   Code   RO         7444    .ARM.Collect$$$$0000000D  mc_w.l(entry10a.o)
    0x08000198   0x08000198   0x00000000   Code   RO         7446    .ARM.Collect$$$$0000000F  mc_w.l(entry11a.o)
    0x08000198   0x08000198   0x00000004   Code   RO         7435    .ARM.Collect$$$$00002712  mc_w.l(entry2.o)
    0x0800019c   0x0800019c   0x00000024   Code   RO         7491    .text               mc_w.l(init.o)
    0x080001c0   0x080001c0   0x0000000e   Code   RO         7510    i.__scatterload_copy  mc_w.l(handlers.o)
    0x080001ce   0x080001ce   0x00000002   Code   RO         7511    i.__scatterload_null  mc_w.l(handlers.o)
    0x080001d0   0x080001d0   0x0000000e   Code   RO         7512    i.__scatterload_zeroinit  mc_w.l(handlers.o)
    0x080001de   0x080001de   0x00000002   PAD
    0x080001e0   0x080001e0   0x00000020   Data   RO         7508    Region$$Table       anon$$obj.o


    Execution Region RW_IRAM3 (Exec base: 0x10000000, Load base: 0x080003a8, Size: 0x00000000, Max: 0x00010000, ABSOLUTE)

    **** No section assigned to this execution region ****


    Execution Region RW_IRAM1 (Exec base: 0x20000000, Load base: 0x08000200, Size: 0x00008cb8, Max: 0x00020000, ABSOLUTE, COMPRESSED[0x000001a8])

    Exec Addr    Load Addr    Size         Type   Attr      Idx    E Section Name        Object

    0x20000000   COMPRESSED   0x00000028   Data   RW          267    .data               freertos.o
    0x20000028   COMPRESSED   0x00000004   Data   RW          841    .data               system_stm32f4xx.o
    0x2000002c   COMPRESSED   0x00000010   Data   RW         1074    .data               usbd_cdc_if.o
    0x2000003c   COMPRESSED   0x0000001c   Data   RW         1346    .data               usbd_desc.o
    0x20000058   COMPRESSED   0x00000016   Data   RW         1347    .data               usbd_desc.o
    0x2000006e   COMPRESSED   0x00000002   PAD
    0x20000070   COMPRESSED   0x0000039c   Data   RW         1452    .data               low_level.o
    0x2000040c   COMPRESSED   0x00000014   Data   RW         1829    .data               commands.o
    0x20000420   COMPRESSED   0x00000008   Data   RW         2018    .data               terminal.o
    0x20000428   COMPRESSED   0x00000014   Data   RW         2077    .data               commands_pro.o
    0x2000043c   COMPRESSED   0x0000003c   Data   RW         2575    .data               tasks.o
    0x20000478   COMPRESSED   0x0000000c   Data   RW         2804    .data               port.o
    0x20000484   COMPRESSED   0x00000018   Data   RW         2878    .data               heap_4.o
    0x2000049c   COMPRESSED   0x00000001   Data   RW         3434    .data               usbd_ctlreq.o
    0x2000049d   COMPRESSED   0x00000003   PAD
    0x200004a0   COMPRESSED   0x000000db   Data   RW         3566    .data               usbd_cdc.o
    0x2000057b   COMPRESSED   0x00000001   PAD
    0x2000057c   COMPRESSED   0x00000038   Data   RW         3567    .data               usbd_cdc.o
    0x200005b4   COMPRESSED   0x00000004   Data   RW         3912    .data               stm32f4xx_hal.o
    0x200005b8   COMPRESSED   0x00000004   Data   RW         7345    .data               mc_w.l(strtok.o)
    0x200005bc   COMPRESSED   0x00000004   Data   RW         7457    .data               mc_w.l(mvars.o)
    0x200005c0   COMPRESSED   0x00000004   Data   RW         7458    .data               mc_w.l(mvars.o)
    0x200005c4        -       0x000000d8   Zero   RW           12    .bss                adc.o
    0x2000069c        -       0x00000048   Zero   RW          189    .bss                can.o
    0x200006e4        -       0x0000005c   Zero   RW          525    .bss                spi.o
    0x20000740        -       0x00000040   Zero   RW          599    .bss                stm32f4xx_hal_timebase_tim.o
    0x20000780        -       0x00000140   Zero   RW          888    .bss                tim.o
    0x200008c0        -       0x00000110   Zero   RW          984    .bss                usart.o
    0x200009d0        -       0x00000224   Zero   RW         1028    .bss                usb_device.o
    0x20000bf4        -       0x00000080   Zero   RW         1073    .bss                usbd_cdc_if.o
    0x20000c74        -       0x000003f4   Zero   RW         1173    .bss                usbd_conf.o
    0x20001068        -       0x00000200   Zero   RW         1345    .bss                usbd_desc.o
    0x20001268        -       0x00001040   Zero   RW         1776    .bss                packet.o
    0x200022a8        -       0x00000b20   Zero   RW         1827    .bss                commands.o
    0x20002dc8        -       0x00000200   Zero   RW         2016    .bss                terminal.o
    0x20002fc8        -       0x000007ff   Zero   RW         2076    .bss                commands_pro.o
    0x200037c7   COMPRESSED   0x00000001   PAD
    0x200037c8        -       0x000000f0   Zero   RW         2574    .bss                tasks.o
    0x200038b8        -       0x00003c00   Zero   RW         2877    .bss                heap_4.o
    0x200074b8        -       0x00000800   Zero   RW         2133    HEAP                startup_stm32f4xx.o
    0x20007cb8        -       0x00001000   Zero   RW         2132    STACK               startup_stm32f4xx.o


    Execution Region RW_IRAM2 (Exec base: 0x20020000, Load base: 0x080003a8, Size: 0x00000000, Max: 0x00000001, ABSOLUTE)

    **** No section assigned to this execution region ****



  Load Region LR_IROM2 (Base: 0x08004000, Size: 0x00000000, Max: 0x00004000, ABSOLUTE)

    Execution Region ER_IROM2 (Exec base: 0x08004000, Load base: 0x08004000, Size: 0x00004000, Max: 0x00004000, ABSOLUTE)

    Exec Addr    Load Addr    Size         Type   Attr      Idx    E Section Name        Object

    0x08004000        -       0x00004000   Zero   RW            1    ER_IROM2.bss        anon$$obj.o



  Load Region LR_IROM3 (Base: 0x08008000, Size: 0x00000000, Max: 0x00004000, ABSOLUTE)

    Execution Region ER_IROM3 (Exec base: 0x08008000, Load base: 0x08008000, Size: 0x00004000, Max: 0x00004000, ABSOLUTE)

    Exec Addr    Load Addr    Size         Type   Attr      Idx    E Section Name        Object

    0x08008000        -       0x00004000   Zero   RW            2    ER_IROM3.bss        anon$$obj.o



  Load Region LR_IROM4 (Base: 0x0800c000, Size: 0x0000eafc, Max: 0x000f4000, ABSOLUTE)

    Execution Region ER_IROM4 (Exec base: 0x0800c000, Load base: 0x0800c000, Size: 0x0000eafc, Max: 0x000f4000, ABSOLUTE)

    Exec Addr    Load Addr    Size         Type   Attr      Idx    E Section Name        Object

    0x0800c000   0x0800c000   0x000000b6   Code   RO         2794    .emb_text           port.o
    0x0800c0b6   0x0800c0b6   0x00000002   PAD
    0x0800c0b8   0x0800c0b8   0x00000024   Code   RO         2135    .text               startup_stm32f4xx.o
    0x0800c0dc   0x0800c0dc   0x00000062   Code   RO         7338    .text               mc_w.l(uldiv.o)
    0x0800c13e   0x0800c13e   0x00000024   Code   RO         7340    .text               mc_w.l(memcpya.o)
    0x0800c162   0x0800c162   0x0000001c   Code   RO         7342    .text               mc_w.l(strcmp.o)
    0x0800c17e   0x0800c17e   0x00000002   PAD
    0x0800c180   0x0800c180   0x00000044   Code   RO         7344    .text               mc_w.l(strtok.o)
    0x0800c1c4   0x0800c1c4   0x00000038   Code   RO         7408    .text               mc_w.l(__0sscanf.o)
    0x0800c1fc   0x0800c1fc   0x0000014c   Code   RO         7410    .text               mc_w.l(_scanf_int.o)
    0x0800c348   0x0800c348   0x000000e0   Code   RO         7412    .text               mc_w.l(_scanf_str.o)
    0x0800c428   0x0800c428   0x00000360   Code   RO         7414    .text               mc_w.l(scanf_fp.o)
    0x0800c788   0x0800c788   0x00000026   Code   RO         7418    .text               mf_w.l(f2d.o)
    0x0800c7ae   0x0800c7ae   0x0000002c   Code   RO         7451    .text               mc_w.l(uidiv.o)
    0x0800c7da   0x0800c7da   0x0000001e   Code   RO         7453    .text               mc_w.l(llshl.o)
    0x0800c7f8   0x0800c7f8   0x00000020   Code   RO         7455    .text               mc_w.l(llushr.o)
    0x0800c818   0x0800c818   0x0000001c   Code   RO         7466    .text               mc_w.l(_chval.o)
    0x0800c834   0x0800c834   0x00000028   Code   RO         7468    .text               mc_w.l(scanf_char.o)
    0x0800c85c   0x0800c85c   0x00000040   Code   RO         7470    .text               mc_w.l(_sgetc.o)
    0x0800c89c   0x0800c89c   0x00000000   Code   RO         7472    .text               mc_w.l(iusefp.o)
    0x0800c89c   0x0800c89c   0x0000014e   Code   RO         7475    .text               mf_w.l(dadd.o)
    0x0800c9ea   0x0800c9ea   0x000000e4   Code   RO         7477    .text               mf_w.l(dmul.o)
    0x0800cace   0x0800cace   0x000000de   Code   RO         7479    .text               mf_w.l(ddiv.o)
    0x0800cbac   0x0800cbac   0x00000018   Code   RO         7481    .text               mf_w.l(dfltul.o)
    0x0800cbc4   0x0800cbc4   0x00000030   Code   RO         7483    .text               mf_w.l(dfixul.o)
    0x0800cbf4   0x0800cbf4   0x00000030   Code   RO         7485    .text               mf_w.l(cdrcmple.o)
    0x0800cc24   0x0800cc24   0x00000038   Code   RO         7487    .text               mf_w.l(d2f.o)
    0x0800cc5c   0x0800cc5c   0x00000024   Code   RO         7494    .text               mc_w.l(llsshr.o)
    0x0800cc80   0x0800cc80   0x0000000a   Code   RO         7496    .text               mc_w.l(isspace_c.o)
    0x0800cc8a   0x0800cc8a   0x00000002   PAD
    0x0800cc8c   0x0800cc8c   0x0000032c   Code   RO         7498    .text               mc_w.l(_scanf.o)
    0x0800cfb8   0x0800cfb8   0x0000006e   Code   RO         7501    .text               mf_w.l(fepilogue.o)
    0x0800d026   0x0800d026   0x000000ba   Code   RO         7503    .text               mf_w.l(depilogue.o)
    0x0800d0e0   0x0800d0e0   0x00000028   Code   RO         7505    .text               mc_w.l(ctype_c.o)
    0x0800d108   0x0800d108   0x00000056   Code   RO         7516    .text               mc_w.l(__dczerorl2.o)
    0x0800d15e   0x0800d15e   0x00000002   PAD
    0x0800d160   0x0800d160   0x00000034   Code   RO          640    i.ADC_IRQHandler    stm32f4xx_it.o
    0x0800d194   0x0800d194   0x00000054   Code   RO          641    i.ADC_IRQ_Dispatch  stm32f4xx_it.o
    0x0800d1e8   0x0800d1e8   0x00000002   Code   RO          642    i.BusFault_Handler  stm32f4xx_it.o
    0x0800d1ea   0x0800d1ea   0x00000004   Code   RO         1068    i.CDC_Control_FS    usbd_cdc_if.o
    0x0800d1ee   0x0800d1ee   0x00000004   Code   RO         1069    i.CDC_DeInit_FS     usbd_cdc_if.o
    0x0800d1f2   0x0800d1f2   0x00000002   PAD
    0x0800d1f4   0x0800d1f4   0x00000024   Code   RO         1070    i.CDC_Init_FS       usbd_cdc_if.o
    0x0800d218   0x0800d218   0x0000002c   Code   RO         1071    i.CDC_Receive_FS    usbd_cdc_if.o
    0x0800d244   0x0800d244   0x00000044   Code   RO         1072    i.CDC_Transmit_FS   usbd_cdc_if.o
    0x0800d288   0x0800d288   0x0000000c   Code   RO          643    i.DMA1_Stream2_IRQHandler  stm32f4xx_it.o
    0x0800d294   0x0800d294   0x0000000c   Code   RO          644    i.DMA1_Stream4_IRQHandler  stm32f4xx_it.o
    0x0800d2a0   0x0800d2a0   0x0000002c   Code   RO         3664    i.DRV8301_enable    drv8301.o
    0x0800d2cc   0x0800d2cc   0x00000030   Code   RO         3666    i.DRV8301_getFaultType  drv8301.o
    0x0800d2fc   0x0800d2fc   0x000000c2   Code   RO         3678    i.DRV8301_readData  drv8301.o
    0x0800d3be   0x0800d3be   0x00000090   Code   RO         3679    i.DRV8301_readSpi   drv8301.o
    0x0800d44e   0x0800d44e   0x00000002   PAD
    0x0800d450   0x0800d450   0x00000084   Code   RO         1410    i.DRV8301_setup     low_level.o
    0x0800d4d4   0x0800d4d4   0x000000c2   Code   RO         3694    i.DRV8301_setupSpi  drv8301.o
    0x0800d596   0x0800d596   0x00000050   Code   RO         3695    i.DRV8301_writeData  drv8301.o
    0x0800d5e6   0x0800d5e6   0x00000048   Code   RO         3696    i.DRV8301_writeSpi  drv8301.o
    0x0800d62e   0x0800d62e   0x00000002   Code   RO          645    i.DebugMon_Handler  stm32f4xx_it.o
    0x0800d630   0x0800d630   0x00000006   Code   RO          646    i.EXTI0_IRQHandler  stm32f4xx_it.o
    0x0800d636   0x0800d636   0x00000006   Code   RO          647    i.EXTI2_IRQHandler  stm32f4xx_it.o
    0x0800d63c   0x0800d63c   0x00000006   Code   RO          648    i.EXTI4_IRQHandler  stm32f4xx_it.o
    0x0800d642   0x0800d642   0x00000002   PAD
    0x0800d644   0x0800d644   0x000001c8   Code   RO         1411    i.FOC_current       low_level.o
    0x0800d80c   0x0800d80c   0x000001e8   Code   RO         4219    i.HAL_ADCEx_InjectedConfigChannel  stm32f4xx_hal_adc_ex.o
    0x0800d9f4   0x0800d9f4   0x00000040   Code   RO         4221    i.HAL_ADCEx_InjectedGetValue  stm32f4xx_hal_adc_ex.o
    0x0800da34   0x0800da34   0x00000164   Code   RO         4051    i.HAL_ADC_ConfigChannel  stm32f4xx_hal_adc.o
    0x0800db98   0x0800db98   0x00000006   Code   RO         4058    i.HAL_ADC_GetValue  stm32f4xx_hal_adc.o
    0x0800db9e   0x0800db9e   0x00000002   PAD
    0x0800dba0   0x0800dba0   0x0000017c   Code   RO         4060    i.HAL_ADC_Init      stm32f4xx_hal_adc.o
    0x0800dd1c   0x0800dd1c   0x000000f4   Code   RO            7    i.HAL_ADC_MspInit   adc.o
    0x0800de10   0x0800de10   0x00000154   Code   RO         4332    i.HAL_CAN_Init      stm32f4xx_hal_can.o
    0x0800df64   0x0800df64   0x00000050   Code   RO          187    i.HAL_CAN_MspInit   can.o
    0x0800dfb4   0x0800dfb4   0x0000009a   Code   RO         4588    i.HAL_DMA_Abort     stm32f4xx_hal_dma.o
    0x0800e04e   0x0800e04e   0x00000020   Code   RO         4589    i.HAL_DMA_Abort_IT  stm32f4xx_hal_dma.o
    0x0800e06e   0x0800e06e   0x00000002   PAD
    0x0800e070   0x0800e070   0x000001dc   Code   RO         4593    i.HAL_DMA_IRQHandler  stm32f4xx_hal_dma.o
    0x0800e24c   0x0800e24c   0x00000150   Code   RO         4594    i.HAL_DMA_Init      stm32f4xx_hal_dma.o
    0x0800e39c   0x0800e39c   0x000000a6   Code   RO         4598    i.HAL_DMA_Start_IT  stm32f4xx_hal_dma.o
    0x0800e442   0x0800e442   0x0000001e   Code   RO         3897    i.HAL_Delay         stm32f4xx_hal.o
    0x0800e460   0x0800e460   0x00000024   Code   RO          369    i.HAL_GPIO_EXTI_Callback  gpio.o
    0x0800e484   0x0800e484   0x00000018   Code   RO         4906    i.HAL_GPIO_EXTI_IRQHandler  stm32f4xx_hal_gpio.o
    0x0800e49c   0x0800e49c   0x00000224   Code   RO         4907    i.HAL_GPIO_Init     stm32f4xx_hal_gpio.o
    0x0800e6c0   0x0800e6c0   0x0000000a   Code   RO         4909    i.HAL_GPIO_ReadPin  stm32f4xx_hal_gpio.o
    0x0800e6ca   0x0800e6ca   0x0000000a   Code   RO         4911    i.HAL_GPIO_WritePin  stm32f4xx_hal_gpio.o
    0x0800e6d4   0x0800e6d4   0x0000000c   Code   RO         3903    i.HAL_GetTick       stm32f4xx_hal.o
    0x0800e6e0   0x0800e6e0   0x00000010   Code   RO         3905    i.HAL_IncTick       stm32f4xx_hal.o
    0x0800e6f0   0x0800e6f0   0x00000034   Code   RO         3906    i.HAL_Init          stm32f4xx_hal.o
    0x0800e724   0x0800e724   0x00000074   Code   RO          596    i.HAL_InitTick      stm32f4xx_hal_timebase_tim.o
    0x0800e798   0x0800e798   0x00000058   Code   RO          568    i.HAL_MspInit       stm32f4xx_hal_msp.o
    0x0800e7f0   0x0800e7f0   0x00000018   Code   RO         4458    i.HAL_NVIC_DisableIRQ  stm32f4xx_hal_cortex.o
    0x0800e808   0x0800e808   0x00000018   Code   RO         4459    i.HAL_NVIC_EnableIRQ  stm32f4xx_hal_cortex.o
    0x0800e820   0x0800e820   0x00000064   Code   RO         4465    i.HAL_NVIC_SetPriority  stm32f4xx_hal_cortex.o
    0x0800e884   0x0800e884   0x00000024   Code   RO         4466    i.HAL_NVIC_SetPriorityGrouping  stm32f4xx_hal_cortex.o
    0x0800e8a8   0x0800e8a8   0x00000008   Code   RO         5188    i.HAL_PCDEx_SetRxFiFo  stm32f4xx_hal_pcd_ex.o
    0x0800e8b0   0x0800e8b0   0x0000004e   Code   RO         5189    i.HAL_PCDEx_SetTxFiFo  stm32f4xx_hal_pcd_ex.o
    0x0800e8fe   0x0800e8fe   0x00000008   Code   RO         1145    i.HAL_PCD_ConnectCallback  usbd_conf.o
    0x0800e906   0x0800e906   0x00000012   Code   RO         1146    i.HAL_PCD_DataInStageCallback  usbd_conf.o
    0x0800e918   0x0800e918   0x00000014   Code   RO         1147    i.HAL_PCD_DataOutStageCallback  usbd_conf.o
    0x0800e92c   0x0800e92c   0x00000008   Code   RO         1148    i.HAL_PCD_DisconnectCallback  usbd_conf.o
    0x0800e934   0x0800e934   0x00000044   Code   RO         4983    i.HAL_PCD_EP_Close  stm32f4xx_hal_pcd.o
    0x0800e978   0x0800e978   0x0000004e   Code   RO         4984    i.HAL_PCD_EP_ClrStall  stm32f4xx_hal_pcd.o
    0x0800e9c6   0x0800e9c6   0x00000014   Code   RO         4986    i.HAL_PCD_EP_GetRxCount  stm32f4xx_hal_pcd.o
    0x0800e9da   0x0800e9da   0x00000058   Code   RO         4987    i.HAL_PCD_EP_Open   stm32f4xx_hal_pcd.o
    0x0800ea32   0x0800ea32   0x0000004a   Code   RO         4988    i.HAL_PCD_EP_Receive  stm32f4xx_hal_pcd.o
    0x0800ea7c   0x0800ea7c   0x0000005e   Code   RO         4989    i.HAL_PCD_EP_SetStall  stm32f4xx_hal_pcd.o
    0x0800eada   0x0800eada   0x00000042   Code   RO         4990    i.HAL_PCD_EP_Transmit  stm32f4xx_hal_pcd.o
    0x0800eb1c   0x0800eb1c   0x000005e4   Code   RO         4992    i.HAL_PCD_IRQHandler  stm32f4xx_hal_pcd.o
    0x0800f100   0x0800f100   0x00000008   Code   RO         1149    i.HAL_PCD_ISOINIncompleteCallback  usbd_conf.o
    0x0800f108   0x0800f108   0x00000008   Code   RO         1150    i.HAL_PCD_ISOOUTIncompleteCallback  usbd_conf.o
    0x0800f110   0x0800f110   0x000000d6   Code   RO         4995    i.HAL_PCD_Init      stm32f4xx_hal_pcd.o
    0x0800f1e6   0x0800f1e6   0x00000002   PAD
    0x0800f1e8   0x0800f1e8   0x0000006c   Code   RO         1152    i.HAL_PCD_MspInit   usbd_conf.o
    0x0800f254   0x0800f254   0x00000022   Code   RO         1153    i.HAL_PCD_ResetCallback  usbd_conf.o
    0x0800f276   0x0800f276   0x00000008   Code   RO         1154    i.HAL_PCD_ResumeCallback  usbd_conf.o
    0x0800f27e   0x0800f27e   0x00000008   Code   RO         1155    i.HAL_PCD_SOFCallback  usbd_conf.o
    0x0800f286   0x0800f286   0x00000024   Code   RO         5001    i.HAL_PCD_SetAddress  stm32f4xx_hal_pcd.o
    0x0800f2aa   0x0800f2aa   0x0000000e   Code   RO         1156    i.HAL_PCD_SetupStageCallback  usbd_conf.o
    0x0800f2b8   0x0800f2b8   0x0000002a   Code   RO         5003    i.HAL_PCD_Start     stm32f4xx_hal_pcd.o
    0x0800f2e2   0x0800f2e2   0x00000002   PAD
    0x0800f2e4   0x0800f2e4   0x00000034   Code   RO         1157    i.HAL_PCD_SuspendCallback  usbd_conf.o
    0x0800f318   0x0800f318   0x000001c4   Code   RO         5405    i.HAL_RCC_ClockConfig  stm32f4xx_hal_rcc.o
    0x0800f4dc   0x0800f4dc   0x00000040   Code   RO         5409    i.HAL_RCC_GetClockConfig  stm32f4xx_hal_rcc.o
    0x0800f51c   0x0800f51c   0x0000000c   Code   RO         5410    i.HAL_RCC_GetHCLKFreq  stm32f4xx_hal_rcc.o
    0x0800f528   0x0800f528   0x00000030   Code   RO         5412    i.HAL_RCC_GetPCLK1Freq  stm32f4xx_hal_rcc.o
    0x0800f558   0x0800f558   0x00000030   Code   RO         5413    i.HAL_RCC_GetPCLK2Freq  stm32f4xx_hal_rcc.o
    0x0800f588   0x0800f588   0x00000090   Code   RO         5414    i.HAL_RCC_GetSysClockFreq  stm32f4xx_hal_rcc.o
    0x0800f618   0x0800f618   0x000003cc   Code   RO         5417    i.HAL_RCC_OscConfig  stm32f4xx_hal_rcc.o
    0x0800f9e4   0x0800f9e4   0x00000078   Code   RO         5567    i.HAL_SPI_Init      stm32f4xx_hal_spi.o
    0x0800fa5c   0x0800fa5c   0x00000050   Code   RO          523    i.HAL_SPI_MspInit   spi.o
    0x0800faac   0x0800faac   0x0000018a   Code   RO         5575    i.HAL_SPI_Transmit  stm32f4xx_hal_spi.o
    0x0800fc36   0x0800fc36   0x000001ec   Code   RO         5576    i.HAL_SPI_TransmitReceive  stm32f4xx_hal_spi.o
    0x0800fe22   0x0800fe22   0x00000016   Code   RO         4468    i.HAL_SYSTICK_CLKSourceConfig  stm32f4xx_hal_cortex.o
    0x0800fe38   0x0800fe38   0x0000002c   Code   RO         4470    i.HAL_SYSTICK_Config  stm32f4xx_hal_cortex.o
    0x0800fe64   0x0800fe64   0x00000002   Code   RO         6475    i.HAL_TIMEx_BreakCallback  stm32f4xx_hal_tim_ex.o
    0x0800fe66   0x0800fe66   0x00000002   Code   RO         6476    i.HAL_TIMEx_CommutationCallback  stm32f4xx_hal_tim_ex.o
    0x0800fe68   0x0800fe68   0x00000066   Code   RO         6477    i.HAL_TIMEx_ConfigBreakDeadTime  stm32f4xx_hal_tim_ex.o
    0x0800fece   0x0800fece   0x0000005a   Code   RO         6492    i.HAL_TIMEx_MasterConfigSynchronization  stm32f4xx_hal_tim_ex.o
    0x0800ff28   0x0800ff28   0x00000024   Code   RO         6503    i.HAL_TIMEx_PWMN_Start  stm32f4xx_hal_tim_ex.o
    0x0800ff4c   0x0800ff4c   0x0000002e   Code   RO         5879    i.HAL_TIM_Base_Init  stm32f4xx_hal_tim.o
    0x0800ff7a   0x0800ff7a   0x00000002   PAD
    0x0800ff7c   0x0800ff7c   0x0000002c   Code   RO          876    i.HAL_TIM_Base_MspInit  tim.o
    0x0800ffa8   0x0800ffa8   0x00000018   Code   RO         5884    i.HAL_TIM_Base_Start_IT  stm32f4xx_hal_tim.o
    0x0800ffc0   0x0800ffc0   0x000001ae   Code   RO         5888    i.HAL_TIM_ConfigClockSource  stm32f4xx_hal_tim.o
    0x0801016e   0x0801016e   0x000000a4   Code   RO         5897    i.HAL_TIM_Encoder_Init  stm32f4xx_hal_tim.o
    0x08010212   0x08010212   0x00000002   PAD
    0x08010214   0x08010214   0x0000007c   Code   RO          878    i.HAL_TIM_Encoder_MspInit  tim.o
    0x08010290   0x08010290   0x0000003a   Code   RO         5900    i.HAL_TIM_Encoder_Start  stm32f4xx_hal_tim.o
    0x080102ca   0x080102ca   0x00000002   Code   RO         5908    i.HAL_TIM_IC_CaptureCallback  stm32f4xx_hal_tim.o
    0x080102cc   0x080102cc   0x0000016c   Code   RO         5921    i.HAL_TIM_IRQHandler  stm32f4xx_hal_tim.o
    0x08010438   0x08010438   0x000000d4   Code   RO          879    i.HAL_TIM_MspPostInit  tim.o
    0x0801050c   0x0801050c   0x000000f8   Code   RO         5922    i.HAL_TIM_OC_ConfigChannel  stm32f4xx_hal_tim.o
    0x08010604   0x08010604   0x00000002   Code   RO         5924    i.HAL_TIM_OC_DelayElapsedCallback  stm32f4xx_hal_tim.o
    0x08010606   0x08010606   0x0000002e   Code   RO         5926    i.HAL_TIM_OC_Init   stm32f4xx_hal_tim.o
    0x08010634   0x08010634   0x00000002   Code   RO         5928    i.HAL_TIM_OC_MspInit  stm32f4xx_hal_tim.o
    0x08010636   0x08010636   0x00000002   PAD
    0x08010638   0x08010638   0x00000178   Code   RO         5945    i.HAL_TIM_PWM_ConfigChannel  stm32f4xx_hal_tim.o
    0x080107b0   0x080107b0   0x0000002e   Code   RO         5948    i.HAL_TIM_PWM_Init  stm32f4xx_hal_tim.o
    0x080107de   0x080107de   0x00000002   PAD
    0x080107e0   0x080107e0   0x00000058   Code   RO          881    i.HAL_TIM_PWM_MspInit  tim.o
    0x08010838   0x08010838   0x00000002   Code   RO         5951    i.HAL_TIM_PWM_PulseFinishedCallback  stm32f4xx_hal_tim.o
    0x0801083a   0x0801083a   0x00000038   Code   RO         5952    i.HAL_TIM_PWM_Start  stm32f4xx_hal_tim.o
    0x08010872   0x08010872   0x0000006c   Code   RO         5954    i.HAL_TIM_PWM_Start_IT  stm32f4xx_hal_tim.o
    0x080108de   0x080108de   0x00000012   Code   RO          437    i.HAL_TIM_PeriodElapsedCallback  main.o
    0x080108f0   0x080108f0   0x00000002   Code   RO         5962    i.HAL_TIM_TriggerCallback  stm32f4xx_hal_tim.o
    0x080108f2   0x080108f2   0x00000044   Code   RO         6728    i.HAL_UART_AbortReceive  stm32f4xx_hal_uart.o
    0x08010936   0x08010936   0x00000002   Code   RO         6739    i.HAL_UART_ErrorCallback  stm32f4xx_hal_uart.o
    0x08010938   0x08010938   0x00000198   Code   RO         6742    i.HAL_UART_IRQHandler  stm32f4xx_hal_uart.o
    0x08010ad0   0x08010ad0   0x00000058   Code   RO         6743    i.HAL_UART_Init     stm32f4xx_hal_uart.o
    0x08010b28   0x08010b28   0x00000100   Code   RO          982    i.HAL_UART_MspInit  usart.o
    0x08010c28   0x08010c28   0x00000090   Code   RO         6747    i.HAL_UART_Receive_DMA  stm32f4xx_hal_uart.o
    0x08010cb8   0x08010cb8   0x00000002   Code   RO         6749    i.HAL_UART_RxCpltCallback  stm32f4xx_hal_uart.o
    0x08010cba   0x08010cba   0x00000002   Code   RO         6750    i.HAL_UART_RxHalfCpltCallback  stm32f4xx_hal_uart.o
    0x08010cbc   0x08010cbc   0x00000084   Code   RO         6752    i.HAL_UART_Transmit_DMA  stm32f4xx_hal_uart.o
    0x08010d40   0x08010d40   0x0000000c   Code   RO          778    i.HAL_UART_TxCpltCallback  syscalls.o
    0x08010d4c   0x08010d4c   0x00000002   Code   RO         6755    i.HAL_UART_TxHalfCpltCallback  stm32f4xx_hal_uart.o
    0x08010d4e   0x08010d4e   0x00000002   Code   RO          649    i.HardFault_Handler  stm32f4xx_it.o
    0x08010d50   0x08010d50   0x000000a0   Code   RO            8    i.MX_ADC1_Init      adc.o
    0x08010df0   0x08010df0   0x000000a4   Code   RO            9    i.MX_ADC2_Init      adc.o
    0x08010e94   0x08010e94   0x000000a4   Code   RO           10    i.MX_ADC3_Init      adc.o
    0x08010f38   0x08010f38   0x00000050   Code   RO          188    i.MX_CAN1_Init      can.o
    0x08010f88   0x08010f88   0x0000003c   Code   RO          232    i.MX_DMA_Init       dma.o
    0x08010fc4   0x08010fc4   0x00000068   Code   RO          263    i.MX_FREERTOS_Init  freertos.o
    0x0801102c   0x0801102c   0x00000120   Code   RO          370    i.MX_GPIO_Init      gpio.o
    0x0801114c   0x0801114c   0x00000060   Code   RO          524    i.MX_SPI3_Init      spi.o
    0x080111ac   0x080111ac   0x0000012c   Code   RO          882    i.MX_TIM1_Init      tim.o
    0x080112d8   0x080112d8   0x0000009c   Code   RO          883    i.MX_TIM2_Init      tim.o
    0x08011374   0x08011374   0x0000007c   Code   RO          884    i.MX_TIM3_Init      tim.o
    0x080113f0   0x080113f0   0x00000080   Code   RO          885    i.MX_TIM4_Init      tim.o
    0x08011470   0x08011470   0x000000e8   Code   RO          886    i.MX_TIM8_Init      tim.o
    0x08011558   0x08011558   0x0000004c   Code   RO          983    i.MX_UART4_Init     usart.o
    0x080115a4   0x080115a4   0x00000038   Code   RO         1027    i.MX_USB_DEVICE_Init  usb_device.o
    0x080115dc   0x080115dc   0x00000002   Code   RO          650    i.MemManage_Handler  stm32f4xx_it.o
    0x080115de   0x080115de   0x00000002   Code   RO          651    i.NMI_Handler       stm32f4xx_it.o
    0x080115e0   0x080115e0   0x00000024   Code   RO          887    i.OC4_PWM_Override  tim.o
    0x08011604   0x08011604   0x00000018   Code   RO          652    i.OTG_FS_IRQHandler  stm32f4xx_it.o
    0x0801161c   0x0801161c   0x00000022   Code   RO         5591    i.SPI_CheckFlag_BSY  stm32f4xx_hal_spi.o
    0x0801163e   0x0801163e   0x000000a0   Code   RO         5609    i.SPI_WaitFlagStateUntilTimeout  stm32f4xx_hal_spi.o
    0x080116de   0x080116de   0x00000002   PAD
    0x080116e0   0x080116e0   0x000001dc   Code   RO         1687    i.SVM               utils.o
    0x080118bc   0x080118bc   0x00000044   Code   RO          372    i.SetGPIO12toUART   gpio.o
    0x08011900   0x08011900   0x0000005c   Code   RO          373    i.SetupENCIndexGPIO  gpio.o
    0x0801195c   0x0801195c   0x000000a0   Code   RO          264    i.StartDefaultTask  freertos.o
    0x080119fc   0x080119fc   0x00000004   Code   RO          653    i.SysTick_Handler   stm32f4xx_it.o
    0x08011a00   0x08011a00   0x000000a0   Code   RO          438    i.SystemClock_Config  main.o
    0x08011aa0   0x08011aa0   0x00000058   Code   RO          838    i.SystemInit        system_stm32f4xx.o
    0x08011af8   0x08011af8   0x0000001c   Code   RO          654    i.TIM8_TRG_COM_TIM14_IRQHandler  stm32f4xx_it.o
    0x08011b14   0x08011b14   0x000000c8   Code   RO         5963    i.TIM_Base_SetConfig  stm32f4xx_hal_tim.o
    0x08011bdc   0x08011bdc   0x0000001a   Code   RO         5964    i.TIM_CCxChannelCmd  stm32f4xx_hal_tim.o
    0x08011bf6   0x08011bf6   0x0000001a   Code   RO         6511    i.TIM_CCxNChannelCmd  stm32f4xx_hal_tim_ex.o
    0x08011c10   0x08011c10   0x00000060   Code   RO         5970    i.TIM_OC1_SetConfig  stm32f4xx_hal_tim.o
    0x08011c70   0x08011c70   0x00000068   Code   RO         5971    i.TIM_OC2_SetConfig  stm32f4xx_hal_tim.o
    0x08011cd8   0x08011cd8   0x0000000c   Code   RO          655    i.UART4_IRQHandler  stm32f4xx_it.o
    0x08011ce4   0x08011ce4   0x00000010   Code   RO         6756    i.UART_DMAAbortOnError  stm32f4xx_hal_uart.o
    0x08011cf4   0x08011cf4   0x00000060   Code   RO         6757    i.UART_DMAError     stm32f4xx_hal_uart.o
    0x08011d54   0x08011d54   0x0000003c   Code   RO         6758    i.UART_DMAReceiveCplt  stm32f4xx_hal_uart.o
    0x08011d90   0x08011d90   0x0000000a   Code   RO         6760    i.UART_DMARxHalfCplt  stm32f4xx_hal_uart.o
    0x08011d9a   0x08011d9a   0x00000030   Code   RO         6762    i.UART_DMATransmitCplt  stm32f4xx_hal_uart.o
    0x08011dca   0x08011dca   0x0000000a   Code   RO         6764    i.UART_DMATxHalfCplt  stm32f4xx_hal_uart.o
    0x08011dd4   0x08011dd4   0x00000086   Code   RO         6766    i.UART_Receive_IT   stm32f4xx_hal_uart.o
    0x08011e5a   0x08011e5a   0x00000002   PAD
    0x08011e5c   0x08011e5c   0x00000340   Code   RO         6767    i.UART_SetConfig    stm32f4xx_hal_uart.o
    0x0801219c   0x0801219c   0x00000024   Code   RO         3551    i.USBD_CDC_DataIn   usbd_cdc.o
    0x080121c0   0x080121c0   0x00000030   Code   RO         3552    i.USBD_CDC_DataOut  usbd_cdc.o
    0x080121f0   0x080121f0   0x0000003c   Code   RO         3553    i.USBD_CDC_DeInit   usbd_cdc.o
    0x0801222c   0x0801222c   0x00000026   Code   RO         3554    i.USBD_CDC_EP0_RxReady  usbd_cdc.o
    0x08012252   0x08012252   0x00000002   PAD
    0x08012254   0x08012254   0x0000000c   Code   RO         3555    i.USBD_CDC_GetDeviceQualifierDescriptor  usbd_cdc.o
    0x08012260   0x08012260   0x0000000c   Code   RO         3556    i.USBD_CDC_GetFSCfgDesc  usbd_cdc.o
    0x0801226c   0x0801226c   0x0000000c   Code   RO         3557    i.USBD_CDC_GetHSCfgDesc  usbd_cdc.o
    0x08012278   0x08012278   0x0000000c   Code   RO         3558    i.USBD_CDC_GetOtherSpeedCfgDesc  usbd_cdc.o
    0x08012284   0x08012284   0x0000009a   Code   RO         3559    i.USBD_CDC_Init     usbd_cdc.o
    0x0801231e   0x0801231e   0x00000030   Code   RO         3560    i.USBD_CDC_ReceivePacket  usbd_cdc.o
    0x0801234e   0x0801234e   0x00000010   Code   RO         3561    i.USBD_CDC_RegisterInterface  usbd_cdc.o
    0x0801235e   0x0801235e   0x0000000c   Code   RO         3562    i.USBD_CDC_SetRxBuffer  usbd_cdc.o
    0x0801236a   0x0801236a   0x00000010   Code   RO         3563    i.USBD_CDC_SetTxBuffer  usbd_cdc.o
    0x0801237a   0x0801237a   0x00000002   PAD
    0x0801237c   0x0801237c   0x00000078   Code   RO         3564    i.USBD_CDC_Setup    usbd_cdc.o
    0x080123f4   0x080123f4   0x00000034   Code   RO         3565    i.USBD_CDC_TransmitPacket  usbd_cdc.o
    0x08012428   0x08012428   0x0000000e   Code   RO         3286    i.USBD_ClrClassConfig  usbd_core.o
    0x08012436   0x08012436   0x00000010   Code   RO         3487    i.USBD_CtlContinueRx  usbd_ioreq.o
    0x08012446   0x08012446   0x00000010   Code   RO         3488    i.USBD_CtlContinueSendData  usbd_ioreq.o
    0x08012456   0x08012456   0x0000001e   Code   RO         3489    i.USBD_CtlPrepareRx  usbd_ioreq.o
    0x08012474   0x08012474   0x00000016   Code   RO         3490    i.USBD_CtlReceiveStatus  usbd_ioreq.o
    0x0801248a   0x0801248a   0x0000001a   Code   RO         3491    i.USBD_CtlSendData  usbd_ioreq.o
    0x080124a4   0x080124a4   0x00000016   Code   RO         3492    i.USBD_CtlSendStatus  usbd_ioreq.o
    0x080124ba   0x080124ba   0x00000002   PAD
    0x080124bc   0x080124bc   0x00000020   Code   RO         1338    i.USBD_FS_ConfigStrDescriptor  usbd_desc.o
    0x080124dc   0x080124dc   0x0000000c   Code   RO         1339    i.USBD_FS_DeviceDescriptor  usbd_desc.o
    0x080124e8   0x080124e8   0x00000024   Code   RO         1340    i.USBD_FS_InterfaceStrDescriptor  usbd_desc.o
    0x0801250c   0x0801250c   0x0000000c   Code   RO         1341    i.USBD_FS_LangIDStrDescriptor  usbd_desc.o
    0x08012518   0x08012518   0x0000001c   Code   RO         1342    i.USBD_FS_ManufacturerStrDescriptor  usbd_desc.o
    0x08012534   0x08012534   0x00000020   Code   RO         1343    i.USBD_FS_ProductStrDescriptor  usbd_desc.o
    0x08012554   0x08012554   0x00000024   Code   RO         1344    i.USBD_FS_SerialStrDescriptor  usbd_desc.o
    0x08012578   0x08012578   0x00000064   Code   RO         3429    i.USBD_GetString    usbd_ctlreq.o
    0x080125dc   0x080125dc   0x00000030   Code   RO         3288    i.USBD_Init         usbd_core.o
    0x0801260c   0x0801260c   0x00000020   Code   RO         1158    i.USBD_LL_ClearStallEP  usbd_conf.o
    0x0801262c   0x0801262c   0x00000020   Code   RO         1159    i.USBD_LL_CloseEP   usbd_conf.o
    0x0801264c   0x0801264c   0x000000b0   Code   RO         3289    i.USBD_LL_DataInStage  usbd_core.o
    0x080126fc   0x080126fc   0x0000006a   Code   RO         3290    i.USBD_LL_DataOutStage  usbd_core.o
    0x08012766   0x08012766   0x00000004   Code   RO         3291    i.USBD_LL_DevConnected  usbd_core.o
    0x0801276a   0x0801276a   0x00000016   Code   RO         3292    i.USBD_LL_DevDisconnected  usbd_core.o
    0x08012780   0x08012780   0x00000008   Code   RO         1163    i.USBD_LL_GetRxDataSize  usbd_conf.o
    0x08012788   0x08012788   0x0000007c   Code   RO         1164    i.USBD_LL_Init      usbd_conf.o
    0x08012804   0x08012804   0x00000020   Code   RO         1165    i.USBD_LL_IsStallEP  usbd_conf.o
    0x08012824   0x08012824   0x00000004   Code   RO         3293    i.USBD_LL_IsoINIncomplete  usbd_core.o
    0x08012828   0x08012828   0x00000004   Code   RO         3294    i.USBD_LL_IsoOUTIncomplete  usbd_core.o
    0x0801282c   0x0801282c   0x00000026   Code   RO         1166    i.USBD_LL_OpenEP    usbd_conf.o
    0x08012852   0x08012852   0x00000020   Code   RO         1167    i.USBD_LL_PrepareReceive  usbd_conf.o
    0x08012872   0x08012872   0x0000003e   Code   RO         3295    i.USBD_LL_Reset     usbd_core.o
    0x080128b0   0x080128b0   0x0000000c   Code   RO         3296    i.USBD_LL_Resume    usbd_core.o
    0x080128bc   0x080128bc   0x0000001a   Code   RO         3297    i.USBD_LL_SOF       usbd_core.o
    0x080128d6   0x080128d6   0x00000006   Code   RO         3298    i.USBD_LL_SetSpeed  usbd_core.o
    0x080128dc   0x080128dc   0x00000020   Code   RO         1168    i.USBD_LL_SetUSBAddress  usbd_conf.o
    0x080128fc   0x080128fc   0x0000005e   Code   RO         3299    i.USBD_LL_SetupStage  usbd_core.o
    0x0801295a   0x0801295a   0x00000020   Code   RO         1169    i.USBD_LL_StallEP   usbd_conf.o
    0x0801297a   0x0801297a   0x00000020   Code   RO         1170    i.USBD_LL_Start     usbd_conf.o
    0x0801299a   0x0801299a   0x00000012   Code   RO         3300    i.USBD_LL_Suspend   usbd_core.o
    0x080129ac   0x080129ac   0x00000020   Code   RO         1172    i.USBD_LL_Transmit  usbd_conf.o
    0x080129cc   0x080129cc   0x00000028   Code   RO         3430    i.USBD_ParseSetupRequest  usbd_ctlreq.o
    0x080129f4   0x080129f4   0x00000010   Code   RO         3301    i.USBD_RegisterClass  usbd_core.o
    0x08012a04   0x08012a04   0x00000018   Code   RO         3303    i.USBD_SetClassConfig  usbd_core.o
    0x08012a1c   0x08012a1c   0x0000000a   Code   RO         3304    i.USBD_Start        usbd_core.o
    0x08012a26   0x08012a26   0x00000002   PAD
    0x08012a28   0x08012a28   0x00000290   Code   RO         3431    i.USBD_StdDevReq    usbd_ctlreq.o
    0x08012cb8   0x08012cb8   0x0000010a   Code   RO         3432    i.USBD_StdEPReq     usbd_ctlreq.o
    0x08012dc2   0x08012dc2   0x00000040   Code   RO         3433    i.USBD_StdItfReq    usbd_ctlreq.o
    0x08012e02   0x08012e02   0x00000002   PAD
    0x08012e04   0x08012e04   0x00000090   Code   RO         7034    i.USB_ActivateEndpoint  stm32f4xx_ll_usb.o
    0x08012e94   0x08012e94   0x00000034   Code   RO         7035    i.USB_ActivateSetup  stm32f4xx_ll_usb.o
    0x08012ec8   0x08012ec8   0x000000d4   Code   RO         7037    i.USB_CoreInit      stm32f4xx_ll_usb.o
    0x08012f9c   0x08012f9c   0x000000cc   Code   RO         7039    i.USB_DeactivateEndpoint  stm32f4xx_ll_usb.o
    0x08013068   0x08013068   0x00000018   Code   RO         7040    i.USB_DevConnect    stm32f4xx_ll_usb.o
    0x08013080   0x08013080   0x00000018   Code   RO         7041    i.USB_DevDisconnect  stm32f4xx_ll_usb.o
    0x08013098   0x08013098   0x00000158   Code   RO         7042    i.USB_DevInit       stm32f4xx_ll_usb.o
    0x080131f0   0x080131f0   0x0000000c   Code   RO         7043    i.USB_DisableGlobalInt  stm32f4xx_ll_usb.o
    0x080131fc   0x080131fc   0x00000152   Code   RO         7046    i.USB_EP0StartXfer  stm32f4xx_ll_usb.o
    0x0801334e   0x0801334e   0x0000003e   Code   RO         7047    i.USB_EP0_OutStart  stm32f4xx_ll_usb.o
    0x0801338c   0x0801338c   0x00000066   Code   RO         7048    i.USB_EPClearStall  stm32f4xx_ll_usb.o
    0x080133f2   0x080133f2   0x00000064   Code   RO         7049    i.USB_EPSetStall    stm32f4xx_ll_usb.o
    0x08013456   0x08013456   0x0000025e   Code   RO         7050    i.USB_EPStartXfer   stm32f4xx_ll_usb.o
    0x080136b4   0x080136b4   0x0000000c   Code   RO         7051    i.USB_EnableGlobalInt  stm32f4xx_ll_usb.o
    0x080136c0   0x080136c0   0x00000028   Code   RO         7053    i.USB_FlushTxFifo   stm32f4xx_ll_usb.o
    0x080136e8   0x080136e8   0x0000003a   Code   RO         7055    i.USB_GetDevSpeed   stm32f4xx_ll_usb.o
    0x08013722   0x08013722   0x00000008   Code   RO         7057    i.USB_GetMode       stm32f4xx_ll_usb.o
    0x0801372a   0x0801372a   0x0000000e   Code   RO         7064    i.USB_ReadDevAllInEpInterrupt  stm32f4xx_ll_usb.o
    0x08013738   0x08013738   0x0000000e   Code   RO         7065    i.USB_ReadDevAllOutEpInterrupt  stm32f4xx_ll_usb.o
    0x08013746   0x08013746   0x0000001e   Code   RO         7066    i.USB_ReadDevInEPInterrupt  stm32f4xx_ll_usb.o
    0x08013764   0x08013764   0x00000010   Code   RO         7067    i.USB_ReadDevOutEPInterrupt  stm32f4xx_ll_usb.o
    0x08013774   0x08013774   0x00000008   Code   RO         7068    i.USB_ReadInterrupts  stm32f4xx_ll_usb.o
    0x0801377c   0x0801377c   0x00000022   Code   RO         7069    i.USB_ReadPacket    stm32f4xx_ll_usb.o
    0x0801379e   0x0801379e   0x0000002e   Code   RO         7071    i.USB_SetCurrentMode  stm32f4xx_ll_usb.o
    0x080137cc   0x080137cc   0x00000022   Code   RO         7072    i.USB_SetDevAddress  stm32f4xx_ll_usb.o
    0x080137ee   0x080137ee   0x0000002e   Code   RO         7076    i.USB_WritePacket   stm32f4xx_ll_usb.o
    0x0801381c   0x0801381c   0x00000002   Code   RO          656    i.UsageFault_Handler  stm32f4xx_it.o
    0x0801381e   0x0801381e   0x00000002   Code   RO          439    i._Error_Handler    main.o
    0x08013820   0x08013820   0x0000002c   Code   RO         7358    i.__0vsnprintf      mc_w.l(printfa.o)
    0x0801384c   0x0801384c   0x0000000a   Code   RO         2119    i.__ARM_common_memcpy4_5  commands_pro.o
    0x08013856   0x08013856   0x00000002   PAD
    0x08013858   0x08013858   0x00000070   Code   RO         7311    i.__hardfp_floorf   m_wm.l(floorf.o)
    0x080138c8   0x080138c8   0x00000184   Code   RO         7360    i._fp_digits        mc_w.l(printfa.o)
    0x08013a4c   0x08013a4c   0x0000000e   Code   RO         7416    i._is_digit         mc_w.l(scanf_fp.o)
    0x08013a5a   0x08013a5a   0x00000002   PAD
    0x08013a5c   0x08013a5c   0x000006dc   Code   RO         7361    i._printf_core      mc_w.l(printfa.o)
    0x08014138   0x08014138   0x00000024   Code   RO         7362    i._printf_post_padding  mc_w.l(printfa.o)
    0x0801415c   0x0801415c   0x0000002e   Code   RO         7363    i._printf_pre_padding  mc_w.l(printfa.o)
    0x0801418a   0x0801418a   0x00000016   Code   RO         7364    i._snputc           mc_w.l(printfa.o)
    0x080141a0   0x080141a0   0x00000078   Code   RO         2142    i.arm_cos_f32       arm_cos_f32.o
    0x08014218   0x08014218   0x00000074   Code   RO         2173    i.arm_sin_f32       arm_sin_f32.o
    0x0801428c   0x0801428c   0x0000002c   Code   RO         1923    i.buffer_append_float16  buffer.o
    0x080142b8   0x080142b8   0x00000048   Code   RO         1924    i.buffer_append_float32  buffer.o
    0x08014300   0x08014300   0x0000003c   Code   RO         1927    i.buffer_append_int32  buffer.o
    0x0801433c   0x0801433c   0x00000018   Code   RO         1934    i.buffer_get_int32  buffer.o
    0x08014354   0x08014354   0x00000274   Code   RO         1414    i.calib_enc_offset  low_level.o
    0x080145c8   0x080145c8   0x0000002a   Code   RO         1417    i.check_timing      low_level.o
    0x080145f2   0x080145f2   0x00000002   PAD
    0x080145f4   0x080145f4   0x00000114   Code   RO         1813    i.cmd_parse_thread  commands.o
    0x08014708   0x08014708   0x0000003c   Code   RO         1814    i.cmd_printf        commands.o
    0x08014744   0x08014744   0x00000040   Code   RO         2070    i.commands_printf   commands_pro.o
    0x08014784   0x08014784   0x0000055c   Code   RO         2071    i.commands_process_packet  commands_pro.o
    0x08014ce0   0x08014ce0   0x0000061c   Code   RO         1815    i.commands_process_string  commands.o
    0x080152fc   0x080152fc   0x00000010   Code   RO         2073    i.commands_send_packet  commands_pro.o
    0x0801530c   0x0801530c   0x0000000c   Code   RO         2075    i.commands_set_send_func  commands_pro.o
    0x08015318   0x08015318   0x00000078   Code   RO         1817    i.commands_write    commands.o
    0x08015390   0x08015390   0x000002f8   Code   RO         1418    i.control_motor_loop  low_level.o
    0x08015688   0x08015688   0x00000034   Code   RO         1754    i.crc16             crc.o
    0x080156bc   0x080156bc   0x0000005c   Code   RO         1419    i.do_checks         low_level.o
    0x08015718   0x08015718   0x00000058   Code   RO         1420    i.enc_index_cb      low_level.o
    0x08015770   0x08015770   0x00000098   Code   RO         1690    i.fast_atan2        utils.o
    0x08015808   0x08015808   0x00000050   Code   RO         7380    i.free              mc_w.l(malloc.o)
    0x08015858   0x08015858   0x00000054   Code   RO         1423    i.global_fault      low_level.o
    0x080158ac   0x080158ac   0x0000001c   Code   RO         1818    i.init_communication  commands.o
    0x080158c8   0x080158c8   0x00000054   Code   RO         1424    i.init_motor_control  low_level.o
    0x0801591c   0x0801591c   0x0000005c   Code   RO          440    i.main              main.o
    0x08015978   0x08015978   0x0000006c   Code   RO         7381    i.malloc            mc_w.l(malloc.o)
    0x080159e4   0x080159e4   0x0000015c   Code   RO         1426    i.measure_phase_inductance  low_level.o
    0x08015b40   0x08015b40   0x00000140   Code   RO         1427    i.measure_phase_resistance  low_level.o
    0x08015c80   0x08015c80   0x00000010   Code   RO         1692    i.mod               utils.o
    0x08015c90   0x08015c90   0x0000010c   Code   RO         1428    i.motor_calibration  low_level.o
    0x08015d9c   0x08015d9c   0x000000f4   Code   RO         1429    i.motor_thread      low_level.o
    0x08015e90   0x08015e90   0x00000010   Code   RO         2930    i.osDelay           cmsis_os.o
    0x08015ea0   0x08015ea0   0x0000000a   Code   RO         2933    i.osKernelStart     cmsis_os.o
    0x08015eaa   0x08015eaa   0x00000026   Code   RO         2959    i.osSemaphoreCreate  cmsis_os.o
    0x08015ed0   0x08015ed0   0x00000050   Code   RO         2962    i.osSemaphoreRelease  cmsis_os.o
    0x08015f20   0x08015f20   0x00000064   Code   RO         2963    i.osSemaphoreWait   cmsis_os.o
    0x08015f84   0x08015f84   0x00000058   Code   RO         2964    i.osSignalSet       cmsis_os.o
    0x08015fdc   0x08015fdc   0x00000064   Code   RO         2965    i.osSignalWait      cmsis_os.o
    0x08016040   0x08016040   0x00000014   Code   RO         2966    i.osSystickHandler  cmsis_os.o
    0x08016054   0x08016054   0x0000002e   Code   RO         2967    i.osThreadCreate    cmsis_os.o
    0x08016082   0x08016082   0x00000004   Code   RO         2968    i.osThreadGetId     cmsis_os.o
    0x08016086   0x08016086   0x00000002   PAD
    0x08016088   0x08016088   0x00000014   Code   RO         1772    i.packet_init       packet.o
    0x0801609c   0x0801609c   0x000000d0   Code   RO         1773    i.packet_process_byte  packet.o
    0x0801616c   0x0801616c   0x0000008c   Code   RO         1774    i.packet_send_packet  packet.o
    0x080161f8   0x080161f8   0x0000000c   Code   RO         1820    i.packet_timer_thread  commands.o
    0x08016204   0x08016204   0x00000034   Code   RO         1775    i.packet_timerfunc  packet.o
    0x08016238   0x08016238   0x000000b8   Code   RO         1821    i.print_monitoring  commands.o
    0x080162f0   0x080162f0   0x0000001c   Code   RO         1822    i.process_packet    commands.o
    0x0801630c   0x0801630c   0x00000074   Code   RO         2534    i.prvAddCurrentTaskToDelayedList  tasks.o
    0x08016380   0x08016380   0x0000007c   Code   RO         2535    i.prvIdleTask       tasks.o
    0x080163fc   0x080163fc   0x00000060   Code   RO         2871    i.prvInsertBlockIntoFreeList  heap_4.o
    0x0801645c   0x0801645c   0x0000002c   Code   RO         2795    i.prvTaskExitError  port.o
    0x08016488   0x08016488   0x0000006c   Code   RO         2407    i.prvUnlockQueue    queue.o
    0x080164f4   0x080164f4   0x0000012c   Code   RO         2872    i.pvPortMalloc      heap_4.o
    0x08016620   0x08016620   0x00000018   Code   RO         2536    i.pvTaskIncrementMutexHeldCount  tasks.o
    0x08016638   0x08016638   0x00000194   Code   RO         1431    i.pwm_trig_adc_cb   low_level.o
    0x080167cc   0x080167cc   0x0000002c   Code   RO         2796    i.pxPortInitialiseStack  port.o
    0x080167f8   0x080167f8   0x00000058   Code   RO         1432    i.queue_modulation_timings  low_level.o
    0x08016850   0x08016850   0x0000002c   Code   RO         1433    i.queue_voltage_timings  low_level.o
    0x0801687c   0x0801687c   0x000000e8   Code   RO         1434    i.scan_for_enc_idx  low_level.o
    0x08016964   0x08016964   0x00000004   Code   RO         1823    i.send_packet       commands.o
    0x08016968   0x08016968   0x00000006   Code   RO         1824    i.send_packet_wrapper  commands.o
    0x0801696e   0x0801696e   0x00000002   PAD
    0x08016970   0x08016970   0x00000084   Code   RO         1436    i.set_brake_current  low_level.o
    0x080169f4   0x080169f4   0x0000000c   Code   RO         1825    i.set_cmd_buffer    commands.o
    0x08016a00   0x08016a00   0x00000074   Code   RO         1437    i.set_current_setpoint  low_level.o
    0x08016a74   0x08016a74   0x000000dc   Code   RO         1438    i.set_pos_setpoint  low_level.o
    0x08016b50   0x08016b50   0x000000a0   Code   RO         1439    i.set_vel_setpoint  low_level.o
    0x08016bf0   0x08016bf0   0x00000118   Code   RO         1440    i.spin_up_sensorless  low_level.o
    0x08016d08   0x08016d08   0x000000e4   Code   RO         1442    i.start_adc_pwm     low_level.o
    0x08016dec   0x08016dec   0x00000056   Code   RO         1443    i.start_pwm         low_level.o
    0x08016e42   0x08016e42   0x00000002   PAD
    0x08016e44   0x08016e44   0x0000007c   Code   RO         1444    i.step_cb           low_level.o
    0x08016ec0   0x08016ec0   0x00000154   Code   RO         1445    i.sync_timers       low_level.o
    0x08017014   0x08017014   0x000017f8   Code   RO         2014    i.terminal_process_string  terminal.o
    0x0801880c   0x0801880c   0x00000260   Code   RO         1447    i.update_rotor      low_level.o
    0x08018a6c   0x08018a6c   0x00000028   Code   RO         1826    i.usb_update_thread  commands.o
    0x08018a94   0x08018a94   0x00000024   Code   RO         2369    i.uxListRemove      list.o
    0x08018ab8   0x08018ab8   0x00000016   Code   RO         2370    i.vListInitialise   list.o
    0x08018ace   0x08018ace   0x00000006   Code   RO         2371    i.vListInitialiseItem  list.o
    0x08018ad4   0x08018ad4   0x00000036   Code   RO         2372    i.vListInsert       list.o
    0x08018b0a   0x08018b0a   0x00000018   Code   RO         2373    i.vListInsertEnd    list.o
    0x08018b22   0x08018b22   0x00000002   PAD
    0x08018b24   0x08018b24   0x00000040   Code   RO         2798    i.vPortEnterCritical  port.o
    0x08018b64   0x08018b64   0x0000002c   Code   RO         2799    i.vPortExitCritical  port.o
    0x08018b90   0x08018b90   0x00000060   Code   RO         2873    i.vPortFree         heap_4.o
    0x08018bf0   0x08018bf0   0x00000054   Code   RO         2801    i.vPortValidateInterruptPriority  port.o
    0x08018c44   0x08018c44   0x0000004c   Code   RO         2542    i.vTaskDelay        tasks.o
    0x08018c90   0x08018c90   0x000000d4   Code   RO         2544    i.vTaskDelete       tasks.o
    0x08018d64   0x08018d64   0x0000000c   Code   RO         2546    i.vTaskMissedYield  tasks.o
    0x08018d70   0x08018d70   0x00000034   Code   RO         2548    i.vTaskPlaceOnEventList  tasks.o
    0x08018da4   0x08018da4   0x0000008c   Code   RO         2550    i.vTaskPriorityInherit  tasks.o
    0x08018e30   0x08018e30   0x00000024   Code   RO         2553    i.vTaskSetTimeOutState  tasks.o
    0x08018e54   0x08018e54   0x00000070   Code   RO         2554    i.vTaskStartScheduler  tasks.o
    0x08018ec4   0x08018ec4   0x00000010   Code   RO         2556    i.vTaskSuspendAll   tasks.o
    0x08018ed4   0x08018ed4   0x0000005c   Code   RO         2557    i.vTaskSwitchContext  tasks.o
    0x08018f30   0x08018f30   0x00000028   Code   RO         1450    i.vbus_sense_adc_cb  low_level.o
    0x08018f58   0x08018f58   0x00000040   Code   RO         1694    i.wrap_pm_pi        utils.o
    0x08018f98   0x08018f98   0x0000010c   Code   RO         2802    i.xPortStartScheduler  port.o
    0x080190a4   0x080190a4   0x0000002c   Code   RO         2803    i.xPortSysTickHandler  port.o
    0x080190d0   0x080190d0   0x00000046   Code   RO         2415    i.xQueueGenericCreate  queue.o
    0x08019116   0x08019116   0x00000002   PAD
    0x08019118   0x08019118   0x000001b0   Code   RO         2416    i.xQueueGenericReceive  queue.o
    0x080192c8   0x080192c8   0x00000088   Code   RO         2417    i.xQueueGenericReset  queue.o
    0x08019350   0x08019350   0x000001d4   Code   RO         2418    i.xQueueGenericSend  queue.o
    0x08019524   0x08019524   0x0000009e   Code   RO         2420    i.xQueueGiveFromISR  queue.o
    0x080195c2   0x080195c2   0x000000ac   Code   RO         2424    i.xQueueReceiveFromISR  queue.o
    0x0801966e   0x0801966e   0x00000002   PAD
    0x08019670   0x08019670   0x00000074   Code   RO         2558    i.xTaskCheckForTimeOut  tasks.o
    0x080196e4   0x080196e4   0x00000178   Code   RO         2559    i.xTaskCreate       tasks.o
    0x0801985c   0x0801985c   0x000000cc   Code   RO         2560    i.xTaskGenericNotify  tasks.o
    0x08019928   0x08019928   0x000000f4   Code   RO         2561    i.xTaskGenericNotifyFromISR  tasks.o
    0x08019a1c   0x08019a1c   0x0000000c   Code   RO         2562    i.xTaskGetCurrentTaskHandle  tasks.o
    0x08019a28   0x08019a28   0x0000001c   Code   RO         2563    i.xTaskGetSchedulerState  tasks.o
    0x08019a44   0x08019a44   0x000000ec   Code   RO         2566    i.xTaskIncrementTick  tasks.o
    0x08019b30   0x08019b30   0x00000090   Code   RO         2568    i.xTaskNotifyWait   tasks.o
    0x08019bc0   0x08019bc0   0x0000009c   Code   RO         2569    i.xTaskPriorityDisinherit  tasks.o
    0x08019c5c   0x08019c5c   0x00000074   Code   RO         2570    i.xTaskRemoveFromEventList  tasks.o
    0x08019cd0   0x08019cd0   0x000000e8   Code   RO         2572    i.xTaskResumeAll    tasks.o
    0x08019db8   0x08019db8   0x00000078   Data   RO          265    .constdata          freertos.o
    0x08019e30   0x08019e30   0x00000010   Data   RO          839    .constdata          system_stm32f4xx.o
    0x08019e40   0x08019e40   0x00000008   Data   RO          840    .constdata          system_stm32f4xx.o
    0x08019e48   0x08019e48   0x00000004   Data   RO         1451    .constdata          low_level.o
    0x08019e4c   0x08019e4c   0x00000200   Data   RO         1755    .constdata          crc.o
    0x0801a04c   0x0801a04c   0x00000138   Data   RO         1828    .constdata          commands.o
    0x0801a184   0x0801a184   0x00000804   Data   RO         2253    .constdata          arm_common_tables.o
    0x0801a988   0x0801a988   0x00000008   Data   RO         4600    .constdata          stm32f4xx_hal_dma.o
    0x0801a990   0x0801a990   0x00000040   Data   RO         7506    .constdata          mc_w.l(ctype_c.o)
    0x0801a9d0   0x0801a9d0   0x0000005e   Data   RO          266    .conststring        freertos.o
    0x0801aa2e   0x0801aa2e   0x00000002   PAD
    0x0801aa30   0x0801aa30   0x000000ca   Data   RO         2017    .conststring        terminal.o


==============================================================================

Image component sizes


      Code (inc. data)   RO Data    RW Data    ZI Data      Debug   Object Name

       732         98          0          0        216     673779   adc.o
         0          0       2052          0          0       4904   arm_common_tables.o
       120         12          0          0          0        818   arm_cos_f32.o
       116         12          0          0          0        818   arm_sin_f32.o
       200          0          0          0          0       3755   buffer.o
       160         32          0          0         72       1833   can.o
       502         14          0          0          0      20452   cmsis_os.o
      2334        474        312         20       2848      15386   commands.o
      1474        316          0         20       2047       4746   commands_pro.o
        52          4        512          0          0       1520   crc.o
        60          4          0          0          0        926   dma.o
       776          0          0          0          0      11367   drv8301.o
         0          0          0          0          0       9544   event_groups.o
       264         26        214         40          0      34145   freertos.o
       484         46          0          0          0       6458   gpio.o
       492         30          0         24      15360       7263   heap_4.o
       142          0          0          0          0       3838   list.o
      6648        676          4        924          0      62420   low_level.o
       272         20          0          0          0       7457   main.o
       420         26          0          0       4160       4008   packet.o
       774         90          0         12          0      11813   port.o
      1544         18          0          0          0      12781   queue.o
       176         34          0          0         92       1841   spi.o
        36          8        392          0       6144        860   startup_stm32f4xx.o
       110         16          0          4          0       4056   stm32f4xx_hal.o
       742         30          0          0          0       3270   stm32f4xx_hal_adc.o
       552         18          0          0          0       2571   stm32f4xx_hal_adc_ex.o
       340          0          0          0          0       1723   stm32f4xx_hal_can.o
       250         16          0          0          0      31407   stm32f4xx_hal_cortex.o
      1164         26          8          0          0       6158   stm32f4xx_hal_dma.o
       592         22          0          0          0       4050   stm32f4xx_hal_gpio.o
        88          0          0          0          0        546   stm32f4xx_hal_msp.o
      2288         62          0          0          0      11532   stm32f4xx_hal_pcd.o
        86          0          0          0          0       2060   stm32f4xx_hal_pcd_ex.o
      1740        110          0          0          0       6933   stm32f4xx_hal_rcc.o
      1200          0          0          0          0       6301   stm32f4xx_hal_spi.o
      2402         38          0          0          0      19494   stm32f4xx_hal_tim.o
       258          0          0          0          0       4785   stm32f4xx_hal_tim_ex.o
       116         16          0          0         64       1589   stm32f4xx_hal_timebase_tim.o
      2054         44          0          0          0      13512   stm32f4xx_hal_uart.o
       258         54          0          0          0       9705   stm32f4xx_it.o
      2584         34          0          0          0      20718   stm32f4xx_ll_usb.o
        12          4          0          0          0       2817   syscalls.o
        88         24         24          4          0       1411   system_stm32f4xx.o
      2876        258          0         60        240      26364   tasks.o
      6136       2616        202          8        512       8925   terminal.o
      1444        158          0          0        320       7719   tim.o
       332         64          0          0        272       2068   usart.o
        56         18          0          0        548        768   usb_device.o
       648         26          0        275          0      13806   usbd_cdc.o
       156         26          0         16        128       3836   usbd_cdc_if.o
       720         44          0          0       1012      14966   usbd_conf.o
       646          0          0          0          0      12697   usbd_core.o
      1126         28          0          1          0       6960   usbd_ctlreq.o
       188         92          0         50        512       5519   usbd_desc.o
       132          0          0          0          0       4784   usbd_ioreq.o
       708         56          0          0          0       3426   utils.o

    ----------------------------------------------------------------------
     49924       5840       3756       1464      67316    1169208   Object Totals
         0          0         32          0      32768          0   (incl. Generated)
        54          0          4          6          1          0   (incl. Padding)

    ----------------------------------------------------------------------

      Code (inc. data)   RO Data    RW Data    ZI Data      Debug   Library Member Name

       112         14          0          0          0        116   floorf.o
        56          8          0          0          0         84   __0sscanf.o
        86          0          0          0          0          0   __dczerorl2.o
        28          0          0          0          0         68   _chval.o
       812          4          0          0          0        112   _scanf.o
       332          0          0          0          0         96   _scanf_int.o
       224          0          0          0          0         96   _scanf_str.o
        64          0          0          0          0         84   _sgetc.o
        40          6         64          0          0         68   ctype_c.o
         0          0          0          0          0          0   entry.o
         0          0          0          0          0          0   entry10a.o
         0          0          0          0          0          0   entry11a.o
         8          4          0          0          0          0   entry2.o
         4          0          0          0          0          0   entry5.o
         0          0          0          0          0          0   entry7b.o
         0          0          0          0          0          0   entry8b.o
         8          4          0          0          0          0   entry9a.o
        30          0          0          0          0          0   handlers.o
        36          8          0          0          0         68   init.o
        10          0          0          0          0         68   isspace_c.o
         0          0          0          0          0          0   iusefp.o
        30          0          0          0          0         68   llshl.o
        36          0          0          0          0         68   llsshr.o
        32          0          0          0          0         68   llushr.o
       188         20          0          0          0        160   malloc.o
        36          0          0          0          0         68   memcpya.o
         0          0          0          8          0          0   mvars.o
      2292         84          0          0          0        516   printfa.o
        40          8          0          0          0         84   scanf_char.o
       878         12          0          0          0        216   scanf_fp.o
        28          0          0          0          0         76   strcmp.o
        68          6          0          4          0         80   strtok.o
        44          0          0          0          0         80   uidiv.o
        98          0          0          0          0         92   uldiv.o
        48          0          0          0          0         68   cdrcmple.o
        56          0          0          0          0         88   d2f.o
       334          0          0          0          0        148   dadd.o
       222          0          0          0          0        100   ddiv.o
       186          0          0          0          0        176   depilogue.o
        48          0          0          0          0         68   dfixul.o
        24          0          0          0          0         76   dfltul.o
       228          0          0          0          0         96   dmul.o
        38          0          0          0          0         68   f2d.o
       110          0          0          0          0        168   fepilogue.o

    ----------------------------------------------------------------------
      6924        178         64         12          0       3492   Library Totals
        10          0          0          0          0          0   (incl. Padding)

    ----------------------------------------------------------------------

      Code (inc. data)   RO Data    RW Data    ZI Data      Debug   Library Name

       112         14          0          0          0        116   m_wm.l
      5508        164         64         12          0       2320   mc_w.l
      1294          0          0          0          0       1056   mf_w.l

    ----------------------------------------------------------------------
      6924        178         64         12          0       3492   Library Totals

    ----------------------------------------------------------------------

==============================================================================


      Code (inc. data)   RO Data    RW Data    ZI Data      Debug   

     56848       6018       3820       1476      67316    1134864   Grand Totals
     56848       6018       3820        424      67316    1134864   ELF Image Totals (compressed)
     56848       6018       3820        424          0          0   ROM Totals

==============================================================================

    Total RO  Size (Code + RO Data)                60668 (  59.25kB)
    Total RW  Size (RW Data + ZI Data)             68792 (  67.18kB)
    Total ROM Size (Code + RO Data + RW Data)      61092 (  59.66kB)

==============================================================================

